 game

 Timestamp is 6345daab (Tue Oct 11 23:05:47 2022)

 Preferred load address is 0000000180000000

 Start         Length     Name                   Class
 0001:00000000 00054000H .text$mn                CODE
 0001:00054000 00000040H .text$mn$00             CODE
 0001:00054040 000003c0H .text$x                 CODE
 0002:00000000 00000248H .idata$5                DATA
 0002:00000248 00000030H .00cfg                  DATA
 0002:00000278 00000008H .CRT$XCA                DATA
 0002:00000280 00000008H .CRT$XCZ                DATA
 0002:00000288 00000008H .CRT$XIA                DATA
 0002:00000290 00000020H .CRT$XIC                DATA
 0002:000002b0 00000008H .CRT$XIZ                DATA
 0002:000002b8 00000008H .CRT$XLA                DATA
 0002:000002c0 00000008H .CRT$XLZ                DATA
 0002:000002c8 00000008H .CRT$XPA                DATA
 0002:000002d0 00000010H .CRT$XPX                DATA
 0002:000002e0 00000008H .CRT$XPXA               DATA
 0002:000002e8 00000008H .CRT$XPZ                DATA
 0002:000002f0 00000008H .CRT$XTA                DATA
 0002:000002f8 00000008H .CRT$XTZ                DATA
 0002:00000300 00000000H .gehcont$y              DATA
 0002:00000300 00000000H .gfids$y                DATA
 0002:00000300 0000fc00H .rdata                  DATA
 0002:0000ff00 00000000H .rdata$CastGuardVftablesA DATA
 0002:0000ff00 00000000H .rdata$CastGuardVftablesC DATA
 0002:0000ff00 00000028H .rdata$T                DATA
 0002:0000ff28 00000000H .rdata$r                DATA
 0002:0000ff28 00000318H .rdata$voltmd           DATA
 0002:00010240 00000360H .rdata$zzzdbg           DATA
 0002:000105a0 00000008H .rtc$IAA                DATA
 0002:000105a8 00000008H .rtc$IZZ                DATA
 0002:000105b0 00000008H .rtc$TAA                DATA
 0002:000105b8 00000008H .rtc$TZZ                DATA
 0002:000105c0 00000008H .tls                    DATA
 0002:000105c8 00000020H .tls$                   DATA
 0002:000105e8 00000008H .tls$ZZZ                DATA
 0002:000105f0 000023a0H .xdata                  DATA
 0002:00012990 00000000H .xdata$x                DATA
 0002:00012990 0000004cH .edata                  DATA
 0002:000129dc 00000014H .idata$2                DATA
 0002:000129f0 00000018H .idata$3                DATA
 0002:00012a08 00000248H .idata$4                DATA
 0002:00012c50 00000546H .idata$6                DATA
 0003:00000000 00000ae0H .data                   DATA
 0003:00000ae0 00000000H .data$r                 DATA
 0003:00000ae0 00000000H .data$rs                DATA
 0003:00000ae0 00001228H .bss                    DATA
 0004:00000000 00002934H .pdata                  DATA
 0005:00000000 000000f4H _RDATA                  DATA

  Address         Publics by Value              Rva+Base               Lib:Object

 0000:00000000       ___safe_se_handler_table   0000000000000000     <absolute>
 0000:00000000       __guard_longjmp_table      0000000000000000     <absolute>
 0000:00000000       __x64_code_ranges_to_entry_points 0000000000000000     <absolute>
 0000:00000000       __arm64x_redirection_metadata 0000000000000000     <absolute>
 0000:00000000       __guard_iat_table          0000000000000000     <absolute>
 0000:00000000       __guard_fids_count         0000000000000000     <absolute>
 0000:00000000       __arm64x_extra_rfe_table   0000000000000000     <absolute>
 0000:00000000       __guard_iat_count          0000000000000000     <absolute>
 0000:00000000       __guard_longjmp_count      0000000000000000     <absolute>
 0000:00000000       __dynamic_value_reloc_table 0000000000000000     <absolute>
 0000:00000000       __hybrid_code_map          0000000000000000     <absolute>
 0000:00000000       __x64_code_ranges_to_entry_points_count 0000000000000000     <absolute>
 0000:00000000       __arm64x_extra_rfe_table_size 0000000000000000     <absolute>
 0000:00000000       __hybrid_auxiliary_iat     0000000000000000     <absolute>
 0000:00000000       ___safe_se_handler_count   0000000000000000     <absolute>
 0000:00000000       __hybrid_auxiliary_iat_copy 0000000000000000     <absolute>
 0000:00000000       __AbsoluteZero             0000000000000000     <absolute>
 0000:00000000       __guard_check_icall_a64n_fptr 0000000000000000     <absolute>
 0000:00000000       __guard_eh_cont_count      0000000000000000     <absolute>
 0000:00000000       __guard_fids_table         0000000000000000     <absolute>
 0000:00000000       __arm64x_redirection_metadata_count 0000000000000000     <absolute>
 0000:00000000       __enclave_config           0000000000000000     <absolute>
 0000:00000000       __guard_eh_cont_table      0000000000000000     <absolute>
 0000:00000000       __arm64x_native_entrypoint 0000000000000000     <absolute>
 0000:00000000       __hybrid_code_map_count    0000000000000000     <absolute>
 0000:00000100       __guard_flags              0000000000000100     <absolute>
 0000:00000000       __ImageBase                0000000180000000     <linker-defined>
 0001:00000000       ?ParseInt@@YAHPEAD@Z       0000000180001000 f   game.obj
 0001:000000c0       ?ParseFloat@@YANPEAD@Z     00000001800010c0 f   game.obj
 0001:000002a0       ?Len@@YAIPEAD@Z            00000001800012a0 f   game.obj
 0001:000002f0       ?Find@@YAHPEAD0@Z          00000001800012f0 f   game.obj
 0001:000003b0       ?StringEquals@@YAHPEAD0@Z  00000001800013b0 f   game.obj
 0001:00000440       stbtt_BakeFontBitmap       0000000180001440 f   game.obj
 0001:000004c0       stbtt_GetBakedQuad         00000001800014c0 f   game.obj
 0001:000006f0       stbtt_GetScaledFontVMetrics 00000001800016f0 f   game.obj
 0001:00000800       stbtt_PackBegin            0000000180001800 f   game.obj
 0001:000009b0       stbtt_PackEnd              00000001800019b0 f   game.obj
 0001:000009e0       stbtt_PackFontRange        00000001800019e0 f   game.obj
 0001:00000a70       stbtt_PackFontRanges       0000000180001a70 f   game.obj
 0001:00000cd0       stbtt_PackSetOversampling  0000000180001cd0 f   game.obj
 0001:00000d60       stbtt_PackSetSkipMissingCodepoints 0000000180001d60 f   game.obj
 0001:00000d80       stbtt_GetPackedQuad        0000000180001d80 f   game.obj
 0001:00001000       stbtt_PackFontRangesGatherRects 0000000180002000 f   game.obj
 0001:00001350       stbtt_PackFontRangesPackRects 0000000180002350 f   game.obj
 0001:00001390       stbtt_PackFontRangesRenderIntoRects 0000000180002390 f   game.obj
 0001:00001b90       stbtt_GetNumberOfFonts     0000000180002b90 f   game.obj
 0001:00001bb0       stbtt_GetFontOffsetForIndex 0000000180002bb0 f   game.obj
 0001:00001be0       stbtt_InitFont             0000000180002be0 f   game.obj
 0001:00001c20       stbtt_FindGlyphIndex       0000000180002c20 f   game.obj
 0001:00002230       stbtt_ScaleForPixelHeight  0000000180003230 f   game.obj
 0001:000022b0       stbtt_ScaleForMappingEmToPixels 00000001800032b0 f   game.obj
 0001:00002310       stbtt_GetFontVMetrics      0000000180003310 f   game.obj
 0001:000023c0       stbtt_GetFontVMetricsOS2   00000001800033c0 f   game.obj
 0001:000024a0       stbtt_GetFontBoundingBox   00000001800034a0 f   game.obj
 0001:00002560       stbtt_GetCodepointHMetrics 0000000180003560 f   game.obj
 0001:000025b0       stbtt_GetCodepointKernAdvance 00000001800035b0 f   game.obj
 0001:00002620       stbtt_GetCodepointBox      0000000180003620 f   game.obj
 0001:00002680       stbtt_GetGlyphHMetrics     0000000180003680 f   game.obj
 0001:000027f0       stbtt_GetGlyphKernAdvance  00000001800037f0 f   game.obj
 0001:00002870       stbtt_GetGlyphBox          0000000180003870 f   game.obj
 0001:000029a0       stbtt_GetKerningTableLength 00000001800039a0 f   game.obj
 0001:00002a30       stbtt_GetKerningTable      0000000180003a30 f   game.obj
 0001:00002ba0       stbtt_IsGlyphEmpty         0000000180003ba0 f   game.obj
 0001:00002c60       stbtt_GetCodepointShape    0000000180003c60 f   game.obj
 0001:00002ca0       stbtt_GetGlyphShape        0000000180003ca0 f   game.obj
 0001:00002d00       stbtt_FreeShape            0000000180003d00 f   game.obj
 0001:00002d30       stbtt_FindSVGDoc           0000000180003d30 f   game.obj
 0001:00002e00       stbtt_GetCodepointSVG      0000000180003e00 f   game.obj
 0001:00002e40       stbtt_GetGlyphSVG          0000000180003e40 f   game.obj
 0001:00002ef0       stbtt_FreeBitmap           0000000180003ef0 f   game.obj
 0001:00002f20       stbtt_GetCodepointBitmap   0000000180003f20 f   game.obj
 0001:00002fb0       stbtt_GetCodepointBitmapSubpixel 0000000180003fb0 f   game.obj
 0001:00003050       stbtt_MakeCodepointBitmap  0000000180004050 f   game.obj
 0001:000030e0       stbtt_MakeCodepointBitmapSubpixel 00000001800040e0 f   game.obj
 0001:00003180       stbtt_MakeCodepointBitmapSubpixelPrefilter 0000000180004180 f   game.obj
 0001:00003260       stbtt_GetCodepointBitmapBox 0000000180004260 f   game.obj
 0001:000032f0       stbtt_GetCodepointBitmapBoxSubpixel 00000001800042f0 f   game.obj
 0001:00003390       stbtt_GetGlyphBitmap       0000000180004390 f   game.obj
 0001:00003420       stbtt_GetGlyphBitmapSubpixel 0000000180004420 f   game.obj
 0001:000036e0       stbtt_MakeGlyphBitmap      00000001800046e0 f   game.obj
 0001:00003770       stbtt_MakeGlyphBitmapSubpixel 0000000180004770 f   game.obj
 0001:00003900       stbtt_MakeGlyphBitmapSubpixelPrefilter 0000000180004900 f   game.obj
 0001:00003a40       stbtt_GetGlyphBitmapBox    0000000180004a40 f   game.obj
 0001:00003ad0       stbtt_GetGlyphBitmapBoxSubpixel 0000000180004ad0 f   game.obj
 0001:00003c80       stbtt_Rasterize            0000000180004c80 f   game.obj
 0001:00003df0       stbtt_FreeSDF              0000000180004df0 f   game.obj
 0001:00003e20       stbtt_GetGlyphSDF          0000000180004e20 f   game.obj
 0001:00005780       stbtt_GetCodepointSDF      0000000180006780 f   game.obj
 0001:00005820       stbtt_FindMatchingFont     0000000180006820 f   game.obj
 0001:00005860       stbtt_CompareUTF8toUTF16_bigendian 0000000180006860 f   game.obj
 0001:000058a0       stbtt_GetFontNameString    00000001800068a0 f   game.obj
 0001:00005a70       ?BeginRenderGroup@@YA?AUrender_group@@PEAUgame_render_commands@@PEAUgame_assets@@@Z 0000000180006a70 f   game.obj
 0001:00005bf0       ?GetWhiteTexture@@YA?AUrenderer_texture@@XZ 0000000180006bf0 f   game.obj
 0001:00006490       ?PushClear@@YAXPEAUrender_group@@Tv3@@@Z 0000000180007490 f   game.obj
 0001:000064e0       ?PushRect@@YAXPEAUrender_group@@Tv3@@Tv2@@Urenderer_texture@@1@Z 00000001800074e0 f   game.obj
 0001:000067d0       ?PushLine@@YAXPEAUrender_group@@Tv3@@1M1@Z 00000001800077d0 f   game.obj
 0001:00006e50       ?PushRect@@YAXPEAUrender_group@@Tv3@@Tv2@@1@Z 0000000180007e50 f   game.obj
 0001:00006f00       ?PushCube@@YAXPEAUrender_group@@Tv3@@11Urenderer_texture@@@Z 0000000180007f00 f   game.obj
 0001:00007e90       ?PushCube@@YAXPEAUrender_group@@Tv3@@11@Z 0000000180008e90 f   game.obj
 0001:00007f70       ?PushCameraTransform@@YAXPEAUrender_group@@Tmat4@@@Z 0000000180008f70 f   game.obj
 0001:00007fa0       ?PushBitmap@@YAXPEAUrender_group@@Urenderer_texture@@Tv3@@Tv2@@@Z 0000000180008fa0 f   game.obj
 0001:000082d0       ?PushMesh@@YAXPEAUrender_group@@PEAUrenderer_mesh_pack@@Tv3@@22@Z 00000001800092d0 f   game.obj
 0001:00008390       stbi_load_from_memory      0000000180009390 f   game.obj
 0001:00008430       stbi_load_from_callbacks   0000000180009430 f   game.obj
 0001:000084d0       stbi_load                  00000001800094d0 f   game.obj
 0001:00008580       stbi_load_from_file        0000000180009580 f   game.obj
 0001:00008650       stbi_load_gif_from_memory  0000000180009650 f   game.obj
 0001:000087a0       stbi_load_16_from_memory   00000001800097a0 f   game.obj
 0001:00008840       stbi_load_16_from_callbacks 0000000180009840 f   game.obj
 0001:000088e0       stbi_load_16               00000001800098e0 f   game.obj
 0001:00008990       stbi_load_from_file_16     0000000180009990 f   game.obj
 0001:00008a60       stbi_loadf_from_memory     0000000180009a60 f   game.obj
 0001:00008b00       stbi_loadf_from_callbacks  0000000180009b00 f   game.obj
 0001:00008ba0       stbi_loadf                 0000000180009ba0 f   game.obj
 0001:00008c50       stbi_loadf_from_file       0000000180009c50 f   game.obj
 0001:00008ce0       stbi_hdr_to_ldr_gamma      0000000180009ce0 f   game.obj
 0001:00008d10       stbi_hdr_to_ldr_scale      0000000180009d10 f   game.obj
 0001:00008d40       stbi_ldr_to_hdr_gamma      0000000180009d40 f   game.obj
 0001:00008d60       stbi_ldr_to_hdr_scale      0000000180009d60 f   game.obj
 0001:00008d80       stbi_is_hdr_from_callbacks 0000000180009d80 f   game.obj
 0001:00008df0       stbi_is_hdr_from_memory    0000000180009df0 f   game.obj
 0001:00008e60       stbi_is_hdr                0000000180009e60 f   game.obj
 0001:00008ec0       stbi_is_hdr_from_file      0000000180009ec0 f   game.obj
 0001:00008f50       stbi_failure_reason        0000000180009f50 f   game.obj
 0001:00008f80       stbi_image_free            0000000180009f80 f   game.obj
 0001:00008fa0       stbi_info_from_memory      0000000180009fa0 f   game.obj
 0001:00009030       stbi_info_from_callbacks   000000018000a030 f   game.obj
 0001:000090c0       stbi_is_16_bit_from_memory 000000018000a0c0 f   game.obj
 0001:00009130       stbi_is_16_bit_from_callbacks 000000018000a130 f   game.obj
 0001:000091a0       stbi_info                  000000018000a1a0 f   game.obj
 0001:00009220       stbi_info_from_file        000000018000a220 f   game.obj
 0001:000092d0       stbi_is_16_bit             000000018000a2d0 f   game.obj
 0001:00009330       stbi_is_16_bit_from_file   000000018000a330 f   game.obj
 0001:000093c0       stbi_set_unpremultiply_on_load 000000018000a3c0 f   game.obj
 0001:000093e0       stbi_convert_iphone_png_to_rgb 000000018000a3e0 f   game.obj
 0001:00009400       stbi_set_flip_vertically_on_load 000000018000a400 f   game.obj
 0001:00009420       stbi_convert_iphone_png_to_rgb_thread 000000018000a420 f   game.obj
 0001:00009470       stbi_set_flip_vertically_on_load_thread 000000018000a470 f   game.obj
 0001:000094c0       stbi_zlib_decode_malloc_guesssize 000000018000a4c0 f   game.obj
 0001:000095c0       stbi_zlib_decode_malloc_guesssize_headerflag 000000018000a5c0 f   game.obj
 0001:000096d0       stbi_zlib_decode_malloc    000000018000a6d0 f   game.obj
 0001:00009710       stbi_zlib_decode_buffer    000000018000a710 f   game.obj
 0001:000097d0       stbi_zlib_decode_noheader_malloc 000000018000a7d0 f   game.obj
 0001:000098d0       stbi_zlib_decode_noheader_buffer 000000018000a8d0 f   game.obj
 0001:0001ef20       ?stbi__unpremultiply_on_load_thread@@YAXH@Z 000000018001ff20 f   game.obj
 0001:0002f940       ?AddAssetType@@YAXPEAUgame_assets@@IPEAD@Z 0000000180030940 f   game.obj
 0001:0002f9a0       ?PushBitmapToGPUQueue@@YAXPEAUrenderer_texture_queue@@HHPEAEI@Z 00000001800309a0 f   game.obj
 0001:0002fa50       ?LoadBitmap@@YAXPEAUgame_assets@@I@Z 0000000180030a50 f   game.obj
 0001:0002fbf0       ?MakeEmptyBitmap@@YAPEAUloaded_bitmap@@PEAUgame_assets@@II@Z 0000000180030bf0 f   game.obj
 0001:0002fc80       ?GetAdvanceKernings@@YAHUfont@@DD@Z 0000000180030c80 f   game.obj
 0001:0002fcd0       ?LoadFont@@YAXPEAUgame_state@@PEAUgame_assets@@I@Z 0000000180030cd0 f   game.obj
 0001:000302c0       ?ReplaceSlashByNull@@YAXPEAD@Z 00000001800312c0 f   game.obj
 0001:00030300       ?SkipSpecialChars@@YAPEADPEAD@Z 0000000180031300 f   game.obj
 0001:00030370       ?Consume@@YAPEADPEAD@Z     0000000180031370 f   game.obj
 0001:00030430       ?GetLine@@YAPEADPEAD@Z     0000000180031430 f   game.obj
 0001:000304b0       ?ConsumeToNewLine@@YAPEADPEAD@Z 00000001800314b0 f   game.obj
 0001:00030540       ?ReadFloat@@YAPEADPEADPEAM@Z 0000000180031540 f   game.obj
 0001:00030590       ?ReadInt@@YAPEADPEADPEAH@Z 0000000180031590 f   game.obj
 0001:000305d0       ?ReadV3@@YAPEADPEADPEATv3@@@Z 00000001800315d0 f   game.obj
 0001:00030650       ?GetNumVerticesPerFace@@YAIPEAD@Z 0000000180031650 f   game.obj
 0001:00030670       ?CalcIndices@@YAXXZ        0000000180031670 f   game.obj
 0001:00030680       ?GetInfo@@YA?AUmodel_info@@PEAD@Z 0000000180031680 f   game.obj
 0001:00030840       ?ParseMTL@@YAPEAUmaterial@@PEAUmemory_arena@@PEADI@Z 0000000180031840 f   game.obj
 0001:00030980       ?LoadModel@@YAPEAUmodel@@PEAUmemory_arena@@PEAD@Z 0000000180031980 f   game.obj
 0001:000313a0       ?SetupModel@@YAPEAUrenderer_mesh_pack@@PEAUmemory_arena@@PEAUmodel@@PEAUgame_render_commands@@@Z 00000001800323a0 f   game.obj
 0001:00031560       ?SetCameraTransform@@YAXPEAUcamera_settings@@@Z 0000000180032560 f   game.obj
 0001:00031610       ?UpdateCamera@@YAXPEAUgame_input@@PEAUgame_state@@@Z 0000000180032610 f   game.obj
 0001:000317f0       ?UpdatePlayer@@YAXPEAUgame_input@@PEAUentity@@@Z 00000001800327f0 f   game.obj
 0001:00031c10       ?PushTerrain@@YAXPEAUrender_group@@@Z 0000000180032c10 f   game.obj
 0001:00031e40       ?PushText@@YAXPEAUgame_state@@PEAUrender_group@@PEADTv3@@@Z 0000000180032e40 f   game.obj
 0001:000321d0       ?DrawFPS@@YAXPEAUgame_state@@PEAUrender_group@@MPEAUcamera_settings@@@Z 00000001800331d0 f   game.obj
 0001:000323d0       ?UpdateParticles@@YAXPEAUgame_state@@PEAUrender_group@@M@Z 00000001800333d0 f   game.obj
 0001:000327c0       GameUpdateVideo            00000001800337c0 f   game.obj
 0001:000337f0       ??D@YA?ATmat4@@T0@0@Z      00000001800347f0 f i game.obj
 0001:00033950       ??D@YA?ATv2@@T0@M@Z        0000000180034950 f i game.obj
 0001:000339b0       ??D@YA?ATv3@@MT0@@Z        00000001800349b0 f i game.obj
 0001:00033a50       ??D@YA?ATv3@@T0@M@Z        0000000180034a50 f i game.obj
 0001:00033af0       ??G@YA?ATv3@@T0@0@Z        0000000180034af0 f i game.obj
 0001:00033b90       ??G@YA?ATv3@@T0@@Z         0000000180034b90 f i game.obj
 0001:00033c30       ??H@YA?ATv2@@T0@0@Z        0000000180034c30 f i game.obj
 0001:00033c90       ??H@YA?ATv3@@T0@0@Z        0000000180034c90 f i game.obj
 0001:00033d30       ??Y@YAAEATv3@@AEAT0@T0@@Z  0000000180034d30 f i game.obj
 0001:00033de0       ?CameraTransform@@YA?ATmat4@@Tv3@@000@Z 0000000180034de0 f i game.obj
 0001:00034070       ?Cross@@YA?ATv3@@T1@0@Z    0000000180035070 f i game.obj
 0001:00034160       ?Dot@@YAMTv3@@0@Z          0000000180035160 f i game.obj
 0001:000341c0       ?GetCol@@YA?ATv3@@Tmat4@@H@Z 00000001800351c0 f i game.obj
 0001:00034290       ?Identity@@YA?ATmat4@@XZ   0000000180035290 f i game.obj
 0001:00034340       ?InitializeArena@@YAXPEAUmemory_arena@@_KPEAX@Z 0000000180035340 f i game.obj
 0001:00034380       ?LengthSq@@YAMTv3@@@Z      0000000180035380 f i game.obj
 0001:000343e0       ?LookAt@@YA?ATmat4@@Tv3@@00@Z 00000001800353e0 f i game.obj
 0001:00034910       ?Normalize@@YA?ATv3@@T1@@Z 0000000180035910 f i game.obj
 0001:00034a30       ?Ortho@@YA?ATmat4@@MM@Z    0000000180035a30 f i game.obj
 0001:00034be0       ?Perspective@@YA?ATmat4@@MM@Z 0000000180035be0 f i game.obj
 0001:00034db0       ?PushSize_@@YAPEAXPEAUmemory_arena@@_K@Z 0000000180035db0 f i game.obj
 0001:00034e20       ?Radians@@YAMM@Z           0000000180035e20 f i game.obj
 0001:00034e50       ?RotateX@@YA?ATmat4@@M@Z   0000000180035e50 f i game.obj
 0001:00034f80       ?RotateY@@YA?ATmat4@@M@Z   0000000180035f80 f i game.obj
 0001:000350b0       ?Square@@YAMM@Z            00000001800360b0 f i game.obj
 0001:000350d0       ?SquareRoot@@YAMM@Z        00000001800360d0 f i game.obj
 0001:00035100       ?Translate@@YA?ATmat4@@T1@Tv3@@@Z 0000000180036100 f i game.obj
 0001:00035250       ?Translate@@YA?ATmat4@@Tv3@@@Z 0000000180036250 f i game.obj
 0001:00035390       ?V2@@YA?ATv2@@MM@Z         0000000180036390 f i game.obj
 0001:000353e0       ?V3@@YA?ATv3@@M@Z          00000001800363e0 f i game.obj
 0001:00035450       ?V3@@YA?ATv3@@MMM@Z        0000000180036450 f i game.obj
 0001:000354d0       ?V4@@YA?ATv4@@MMMM@Z       00000001800364d0 f i game.obj
 0001:00035560       __local_stdio_printf_options 0000000180036560 f i game.obj
 0001:00035570       _vsprintf_s_l              0000000180036570 f i game.obj
 0001:000355e0       sprintf_s                  00000001800365e0 f i game.obj
 0001:0003563c       __raise_securityfailure    000000018003663c f   LIBCMT:gs_report.obj
 0001:00035670       __report_gsfailure         0000000180036670 f   LIBCMT:gs_report.obj
 0001:00035744       __report_rangecheckfailure 0000000180036744 f   LIBCMT:gs_report.obj
 0001:00035758       __report_securityfailure   0000000180036758 f   LIBCMT:gs_report.obj
 0001:000358d8       __GSHandlerCheck           00000001800368d8 f   LIBCMT:gshandler.obj
 0001:000358f8       __GSHandlerCheckCommon     00000001800368f8 f   LIBCMT:gshandler.obj
 0001:00035970       _alloca_probe              0000000180036970 f   LIBCMT:chkstk.obj
 0001:00035970       __chkstk                   0000000180036970 f   LIBCMT:chkstk.obj
 0001:000359d0       __security_check_cookie    00000001800369d0 f   LIBCMT:amdsecgs.obj
 0001:00035d10       _DllMainCRTStartup         0000000180036d10 f   LIBCMT:dll_dllmain.obj
 0001:00035d50       __security_init_cookie     0000000180036d50 f   LIBCMT:gs_support.obj
 0001:00035dfc       _get_startup_argv_mode     0000000180036dfc f   LIBCMT:argv_mode.obj
 0001:00035dfc       DllMain                    0000000180036dfc f   LIBCMT:dll_dllmain_stub.obj
 0001:00035e04       ?__scrt_initialize_type_info@@YAXXZ 0000000180036e04 f   LIBCMT:tncleanup.obj
 0001:00035e14       ?__scrt_uninitialize_type_info@@YAXXZ 0000000180036e14 f   LIBCMT:tncleanup.obj
 0001:00035e20       __local_stdio_scanf_options 0000000180036e20 f i LIBCMT:default_local_stdio_options.obj
 0001:00035e28       __scrt_initialize_default_local_stdio_options 0000000180036e28 f   LIBCMT:default_local_stdio_options.obj
 0001:00035e44       __scrt_acquire_startup_lock 0000000180036e44 f   LIBCMT:utility.obj
 0001:00035e80       __scrt_dllmain_after_initialize_c 0000000180036e80 f   LIBCMT:utility.obj
 0001:00035eb4       __scrt_dllmain_before_initialize_c 0000000180036eb4 f   LIBCMT:utility.obj
 0001:00035ecc       __scrt_dllmain_crt_thread_attach 0000000180036ecc f   LIBCMT:utility.obj
 0001:00035ef4       __scrt_dllmain_crt_thread_detach 0000000180036ef4 f   LIBCMT:utility.obj
 0001:00035f0c       __scrt_dllmain_exception_filter 0000000180036f0c f   LIBCMT:utility.obj
 0001:00035f6c       __scrt_dllmain_uninitialize_c 0000000180036f6c f   LIBCMT:utility.obj
 0001:00035f9c       __scrt_dllmain_uninitialize_critical 0000000180036f9c f   LIBCMT:utility.obj
 0001:00035fb0       __scrt_initialize_crt      0000000180036fb0 f   LIBCMT:utility.obj
 0001:00035ffc       __scrt_initialize_onexit_tables 0000000180036ffc f   LIBCMT:utility.obj
 0001:00036088       __scrt_is_nonwritable_in_current_image 0000000180037088 f   LIBCMT:utility.obj
 0001:00036120       __scrt_release_startup_lock 0000000180037120 f   LIBCMT:utility.obj
 0001:00036144       __scrt_uninitialize_crt    0000000180037144 f   LIBCMT:utility.obj
 0001:00036170       __scrt_get_dyn_tls_init_callback 0000000180037170 f   LIBCMT:dyn_tls_init.obj
 0001:00036178       __crt_debugger_hook        0000000180037178 f   LIBCMT:utility_desktop.obj
 0001:00036180       __scrt_fastfail            0000000180037180 f   LIBCMT:utility_desktop.obj
 0001:000362cc       _RTC_Initialize            00000001800372cc f   LIBCMT:initsect.obj
 0001:00036308       _RTC_Terminate             0000000180037308 f   LIBCMT:initsect.obj
 0001:00036344       _guard_check_icall_nop     0000000180037344 f i LIBCMT:guard_support.obj
 0001:00036348       __isa_available_init       0000000180037348 f   LIBCMT:cpu_disp.obj
 0001:000364ec       __scrt_is_ucrt_dll_in_use  00000001800374ec f   LIBCMT:ucrt_detection.obj
 0001:00036510       memcpy_repmovs             0000000180037510 f   libvcruntime:memcpy.obj
 0001:00036530       memmove                    0000000180037530 f   libvcruntime:memcpy.obj
 0001:00036530       memcpy                     0000000180037530 f   libvcruntime:memcpy.obj
 0001:00036bc0       memset_repmovs             0000000180037bc0 f   libvcruntime:memset.obj
 0001:00036be0       memset                     0000000180037be0 f   libvcruntime:memset.obj
 0001:00036d70       __C_specific_handler       0000000180037d70 f   libvcruntime:riscchandler.obj
 0001:00036f68       __std_type_info_destroy_list 0000000180037f68 f   libvcruntime:std_type_info.obj
 0001:00036f94       __vcrt_initialize          0000000180037f94 f   libvcruntime:initialization.obj
 0001:00036fbc       __vcrt_thread_attach       0000000180037fbc f   libvcruntime:initialization.obj
 0001:00036fd0       __vcrt_thread_detach       0000000180037fd0 f   libvcruntime:initialization.obj
 0001:00036fe4       __vcrt_uninitialize        0000000180037fe4 f   libvcruntime:initialization.obj
 0001:00037000       __vcrt_uninitialize_critical 0000000180038000 f   libvcruntime:initialization.obj
 0001:00037010       __DestructExceptionObject  0000000180038010 f   libvcruntime:ehhelpers.obj
 0001:00037080       ?_CallMemberFunction0@@YAXQEAX0@Z 0000000180038080 f i libvcruntime:ehhelpers.obj
 0001:000370a0       _NLG_Notify                00000001800380a0 f   libvcruntime:notify.obj
 0001:000370c0       __NLG_Dispatch2            00000001800380c0 f   libvcruntime:notify.obj
 0001:000370d0       __NLG_Return2              00000001800380d0 f   libvcruntime:notify.obj
 0001:000370d4       __except_validate_context_record 00000001800380d4 f   libvcruntime:jbcxrval.obj
 0001:0003710c       __vcrt_freefls             000000018003810c f   libvcruntime:per_thread_data.obj
 0001:0003712c       __vcrt_freeptd             000000018003812c f   libvcruntime:per_thread_data.obj
 0001:0003717c       __vcrt_getptd              000000018003817c f   libvcruntime:per_thread_data.obj
 0001:00037198       __vcrt_getptd_noexit       0000000180038198 f   libvcruntime:per_thread_data.obj
 0001:00037258       __vcrt_initialize_ptd      0000000180038258 f   libvcruntime:per_thread_data.obj
 0001:000372a0       __vcrt_uninitialize_ptd    00000001800382a0 f   libvcruntime:per_thread_data.obj
 0001:000372c4       __vcrt_initialize_locks    00000001800382c4 f   libvcruntime:locks.obj
 0001:0003730c       __vcrt_uninitialize_locks  000000018003830c f   libvcruntime:locks.obj
 0001:00037494       __vcrt_FlsAlloc            0000000180038494 f   libvcruntime:winapi_downlevel.obj
 0001:000374dc       __vcrt_FlsFree             00000001800384dc f   libvcruntime:winapi_downlevel.obj
 0001:00037524       __vcrt_FlsGetValue         0000000180038524 f   libvcruntime:winapi_downlevel.obj
 0001:0003756c       __vcrt_FlsSetValue         000000018003856c f   libvcruntime:winapi_downlevel.obj
 0001:000375c0       __vcrt_InitializeCriticalSectionEx 00000001800385c0 f   libvcruntime:winapi_downlevel.obj
 0001:00037640       _CallSettingFrame          0000000180038640 f   libvcruntime:handlers.obj
 0001:00037690       _CallSettingFrame_LookupContinuationIndex 0000000180038690 f   libvcruntime:handlers.obj
 0001:000376c0       _CallSettingFrame_NotifyContinuationAddr 00000001800386c0 f   libvcruntime:handlers.obj
 0001:000376f0       _CallSettingFrameEncoded   00000001800386f0 f   libvcruntime:handlers.obj
 0001:00037738       abs                        0000000180038738 f   libucrt:abs.obj
 0001:00037740       acos                       0000000180038740 f   libucrt:acos.obj
 0001:000379f0       cos                        00000001800389f0 f   libucrt:cos.obj
 0001:00037f6c       fabs                       0000000180038f6c f   libucrt:fabs.obj
 0001:00037f80       fmod                       0000000180038f80 f   libucrt:fmod.obj
 0001:00038260       pow                        0000000180039260 f   libucrt:pow.obj
 0001:000398f4       sqrt                       000000018003a8f4 f   libucrt:sqrt.obj
 0001:00039a34       ??$parse_floating_point@V?$c_string_character_source@D@__crt_strtox@@N@__crt_strtox@@YA?AW4SLD_STATUS@@QEAU__crt_locale_pointers@@V?$c_string_character_source@D@0@QEAN@Z 000000018003aa34 f i libucrt:atof.obj
 0001:00039ad4       ??$parse_floating_point_from_source@V?$c_string_character_source@D@__crt_strtox@@@__crt_strtox@@YA?AW4floating_point_parse_result@0@QEAU__crt_locale_pointers@@AEAV?$c_string_character_source@D@0@AEAUfloating_point_string@0@@Z 000000018003aad4 f i libucrt:atof.obj
 0001:00039f84       ??$parse_floating_point_possible_infinity@DV?$c_string_character_source@D@__crt_strtox@@PEBD@__crt_strtox@@YA?AW4floating_point_parse_result@0@AEADAEAV?$c_string_character_source@D@0@PEBD@Z 000000018003af84 f i libucrt:atof.obj
 0001:0003a0e0       ??$parse_floating_point_possible_nan@DV?$c_string_character_source@D@__crt_strtox@@PEBD@__crt_strtox@@YA?AW4floating_point_parse_result@0@AEADAEAV?$c_string_character_source@D@0@PEBD@Z 000000018003b0e0 f i libucrt:atof.obj
 0001:0003a2cc       ??$parse_floating_point_possible_nan_is_ind@DV?$c_string_character_source@D@__crt_strtox@@@__crt_strtox@@YA_NAEADAEAV?$c_string_character_source@D@0@@Z 000000018003b2cc f i libucrt:atof.obj
 0001:0003a310       ??$parse_floating_point_possible_nan_is_snan@DV?$c_string_character_source@D@__crt_strtox@@@__crt_strtox@@YA_NAEADAEAV?$c_string_character_source@D@0@@Z 000000018003b310 f i libucrt:atof.obj
 0001:0003a354       ??$parse_floating_point_write_result@N@__crt_strtox@@YA?AW4SLD_STATUS@@W4floating_point_parse_result@0@AEBUfloating_point_string@0@QEAN@Z 000000018003b354 f i libucrt:atof.obj
 0001:0003a534       ??0_LocaleUpdate@@QEAA@QEAU__crt_locale_pointers@@@Z 000000018003b534 f i libucrt:atof.obj
 0001:0003a5d0       ?as_double@floating_point_value@__crt_strtox@@QEBAAEANXZ 000000018003b5d0 f i libucrt:atof.obj
 0001:0003a60c       ?as_float@floating_point_value@__crt_strtox@@QEBAAEAMXZ 000000018003b60c f i libucrt:atof.obj
 0001:0003a648       ?assemble_floating_point_value@__crt_strtox@@YA?AW4SLD_STATUS@@_KH_N1AEBVfloating_point_value@1@@Z 000000018003b648 f i libucrt:atof.obj
 0001:0003a9e8       ?assemble_floating_point_value_from_big_integer@__crt_strtox@@YA?AW4SLD_STATUS@@AEBUbig_integer@1@I_N1AEBVfloating_point_value@1@@Z 000000018003b9e8 f i libucrt:atof.obj
 0001:0003ab48       ?convert_decimal_string_to_floating_type_common@__crt_strtox@@YA?AW4SLD_STATUS@@AEBUfloating_point_string@1@AEBVfloating_point_value@1@@Z 000000018003bb48 f i libucrt:atof.obj
 0001:0003c998       ?convert_hexadecimal_string_to_floating_type_common@__crt_strtox@@YA?AW4SLD_STATUS@@AEBUfloating_point_string@1@AEBVfloating_point_value@1@@Z 000000018003d998 f i libucrt:atof.obj
 0001:0003ca50       ?divide@__crt_strtox@@YA_KAEAUbig_integer@1@AEBU21@@Z 000000018003da50 f i libucrt:atof.obj
 0001:0003ce7c       _ischartype_l              000000018003de7c f i libucrt:atof.obj
 0001:0003cef4       atof                       000000018003def4 f   libucrt:atof.obj
 0001:0003cf84       ceil                       000000018003df84 f   libucrt:ceil.obj
 0001:0003d048       floor                      000000018003e048 f   libucrt:floor.obj
 0001:0003d0f8       ldexp                      000000018003e0f8 f   libucrt:ldexp.obj
 0001:0003d270       cosf                       000000018003e270 f   libucrt:cosf.obj
 0001:0003d770       sinf                       000000018003e770 f   libucrt:sinf.obj
 0001:0003de70       tanf                       000000018003ee70 f   libucrt:tanf.obj
 0001:0003e5a0       fopen_s                    000000018003f5a0 f   libucrt:fopen.obj
 0001:0003e5f8       _fclose_nolock             000000018003f5f8 f   libucrt:fclose.obj
 0001:0003e67c       fclose                     000000018003f67c f   libucrt:fclose.obj
 0001:0003e6e0       feof                       000000018003f6e0 f   libucrt:feoferr.obj
 0001:0003e70c       ferror                     000000018003f70c f   libucrt:feoferr.obj
 0001:0003e738       _fgetc_nolock              000000018003f738 f   libucrt:fgetc.obj
 0001:0003e77c       fgetc                      000000018003f77c f   libucrt:fgetc.obj
 0001:0003e884       _fread_nolock_s            000000018003f884 f   libucrt:fread.obj
 0001:0003eae4       fread                      000000018003fae4 f   libucrt:fread.obj
 0001:0003eb04       fread_s                    000000018003fb04 f   libucrt:fread.obj
 0001:0003edb4       fseek                      000000018003fdb4 f   libucrt:fseek.obj
 0001:0003f2a8       _ftelli64_nolock           00000001800402a8 f   libucrt:ftell.obj
 0001:0003f2b0       ftell                      00000001800402b0 f   libucrt:ftell.obj
 0001:0003f2b8       _ungetc_nolock             00000001800402b8 f   libucrt:ungetc.obj
 0001:0003f3e0       ungetc                     00000001800403e0 f   libucrt:ungetc.obj
 0001:0003f818       ??$ensure_buffer_is_big_enough@D@formatting_buffer@__crt_stdio_output@@QEAA_N_K@Z 0000000180040818 f i libucrt:output.obj
 0001:0003f8c0       ??$ensure_buffer_is_big_enough@_W@formatting_buffer@__crt_stdio_output@@QEAA_N_K@Z 00000001800408c0 f i libucrt:output.obj
 0001:0003f96c       ??$is_wide_character_specifier@_W@__crt_stdio_output@@YA_N_K_WW4length_modifier@0@@Z 000000018004096c f i libucrt:output.obj
 0001:0003f9ac       ??$type_case_integer_parse_into_buffer@I@?$output_processor@DV?$string_output_adapter@D@__crt_stdio_output@@V?$format_validation_base@DV?$string_output_adapter@D@__crt_stdio_output@@@2@@__crt_stdio_output@@AEAAXII_N@Z 00000001800409ac f i libucrt:output.obj
 0001:0003fa34       ??$type_case_integer_parse_into_buffer@I@?$output_processor@_WV?$string_output_adapter@_W@__crt_stdio_output@@V?$standard_base@_WV?$string_output_adapter@_W@__crt_stdio_output@@@2@@__crt_stdio_output@@AEAAXII_N@Z 0000000180040a34 f i libucrt:output.obj
 0001:0003fa34       ??$type_case_integer_parse_into_buffer@I@?$output_processor@_WV?$stream_output_adapter@_W@__crt_stdio_output@@V?$standard_base@_WV?$stream_output_adapter@_W@__crt_stdio_output@@@2@@__crt_stdio_output@@AEAAXII_N@Z 0000000180040a34 f i libucrt:output.obj
 0001:0003fad8       ??$type_case_integer_parse_into_buffer@_K@?$output_processor@DV?$string_output_adapter@D@__crt_stdio_output@@V?$format_validation_base@DV?$string_output_adapter@D@__crt_stdio_output@@@2@@__crt_stdio_output@@AEAAX_KI_N@Z 0000000180040ad8 f i libucrt:output.obj
 0001:0003fb68       ??$type_case_integer_parse_into_buffer@_K@?$output_processor@_WV?$string_output_adapter@_W@__crt_stdio_output@@V?$standard_base@_WV?$string_output_adapter@_W@__crt_stdio_output@@@2@@__crt_stdio_output@@AEAAX_KI_N@Z 0000000180040b68 f i libucrt:output.obj
 0001:0003fb68       ??$type_case_integer_parse_into_buffer@_K@?$output_processor@_WV?$stream_output_adapter@_W@__crt_stdio_output@@V?$standard_base@_WV?$stream_output_adapter@_W@__crt_stdio_output@@@2@@__crt_stdio_output@@AEAAX_KI_N@Z 0000000180040b68 f i libucrt:output.obj
 0001:0003fc0c       ??$write_multiple_characters@V?$stream_output_adapter@_W@__crt_stdio_output@@D@__crt_stdio_output@@YAXAEBV?$stream_output_adapter@_W@0@DHQEAH@Z 0000000180040c0c f i libucrt:output.obj
 0001:0003fca0       ??$write_multiple_characters@V?$string_output_adapter@D@__crt_stdio_output@@D@__crt_stdio_output@@YAXAEBV?$string_output_adapter@D@0@DHQEAH@Z 0000000180040ca0 f i libucrt:output.obj
 0001:0003fd18       ??$write_multiple_characters@V?$string_output_adapter@_W@__crt_stdio_output@@D@__crt_stdio_output@@YAXAEBV?$string_output_adapter@_W@0@DHQEAH@Z 0000000180040d18 f i libucrt:output.obj
 0001:0003fed0       ?crop_zeroes@__crt_stdio_output@@YAXPEADQEAU__crt_locale_pointers@@@Z 0000000180040ed0 f i libucrt:output.obj
 0001:0003ff70       ?force_decimal_point@__crt_stdio_output@@YAXPEADQEAU__crt_locale_pointers@@@Z 0000000180040f70 f i libucrt:output.obj
 0001:0003ffe8       ?parse_int_from_format_string@?$output_processor@DV?$string_output_adapter@D@__crt_stdio_output@@V?$format_validation_base@DV?$string_output_adapter@D@__crt_stdio_output@@@2@@__crt_stdio_output@@AEAA_NQEAH@Z 0000000180040fe8 f i libucrt:output.obj
 0001:0004008c       ?parse_int_from_format_string@?$output_processor@_WV?$stream_output_adapter@_W@__crt_stdio_output@@V?$standard_base@_WV?$stream_output_adapter@_W@__crt_stdio_output@@@2@@__crt_stdio_output@@AEAA_NQEAH@Z 000000018004108c f i libucrt:output.obj
 0001:0004008c       ?parse_int_from_format_string@?$output_processor@_WV?$string_output_adapter@_W@__crt_stdio_output@@V?$standard_base@_WV?$string_output_adapter@_W@__crt_stdio_output@@@2@@__crt_stdio_output@@AEAA_NQEAH@Z 000000018004108c f i libucrt:output.obj
 0001:00040130       ?process@?$output_processor@DV?$string_output_adapter@D@__crt_stdio_output@@V?$format_validation_base@DV?$string_output_adapter@D@__crt_stdio_output@@@2@@__crt_stdio_output@@QEAAHXZ 0000000180041130 f i libucrt:output.obj
 0001:00040344       ?process@?$output_processor@_WV?$stream_output_adapter@_W@__crt_stdio_output@@V?$standard_base@_WV?$stream_output_adapter@_W@__crt_stdio_output@@@2@@__crt_stdio_output@@QEAAHXZ 0000000180041344 f i libucrt:output.obj
 0001:000405bc       ?process@?$output_processor@_WV?$string_output_adapter@_W@__crt_stdio_output@@V?$standard_base@_WV?$string_output_adapter@_W@__crt_stdio_output@@@2@@__crt_stdio_output@@QEAAHXZ 00000001800415bc f i libucrt:output.obj
 0001:00040828       ?state_case_normal@?$output_processor@DV?$string_output_adapter@D@__crt_stdio_output@@V?$format_validation_base@DV?$string_output_adapter@D@__crt_stdio_output@@@2@@__crt_stdio_output@@AEAA_NXZ 0000000180041828 f i libucrt:output.obj
 0001:0004089c       ?state_case_normal_tchar@?$output_processor@DV?$string_output_adapter@D@__crt_stdio_output@@V?$format_validation_base@DV?$string_output_adapter@D@__crt_stdio_output@@@2@@__crt_stdio_output@@AEAA_ND@Z 000000018004189c f i libucrt:output.obj
 0001:00040944       ?state_case_size@?$output_processor@DV?$string_output_adapter@D@__crt_stdio_output@@V?$format_validation_base@DV?$string_output_adapter@D@__crt_stdio_output@@@2@@__crt_stdio_output@@AEAA_NXZ 0000000180041944 f i libucrt:output.obj
 0001:00040ab4       ?state_case_size@?$output_processor@_WV?$stream_output_adapter@_W@__crt_stdio_output@@V?$standard_base@_WV?$stream_output_adapter@_W@__crt_stdio_output@@@2@@__crt_stdio_output@@AEAA_NXZ 0000000180041ab4 f i libucrt:output.obj
 0001:00040c48       ?state_case_size@?$output_processor@_WV?$string_output_adapter@_W@__crt_stdio_output@@V?$standard_base@_WV?$string_output_adapter@_W@__crt_stdio_output@@@2@@__crt_stdio_output@@AEAA_NXZ 0000000180041c48 f i libucrt:output.obj
 0001:00040ddc       ?state_case_type@?$output_processor@DV?$string_output_adapter@D@__crt_stdio_output@@V?$format_validation_base@DV?$string_output_adapter@D@__crt_stdio_output@@@2@@__crt_stdio_output@@AEAA_NXZ 0000000180041ddc f i libucrt:output.obj
 0001:00041044       ?state_case_type@?$output_processor@_WV?$stream_output_adapter@_W@__crt_stdio_output@@V?$standard_base@_WV?$stream_output_adapter@_W@__crt_stdio_output@@@2@@__crt_stdio_output@@AEAA_NXZ 0000000180042044 f i libucrt:output.obj
 0001:00041324       ?state_case_type@?$output_processor@_WV?$string_output_adapter@_W@__crt_stdio_output@@V?$standard_base@_WV?$string_output_adapter@_W@__crt_stdio_output@@@2@@__crt_stdio_output@@AEAA_NXZ 0000000180042324 f i libucrt:output.obj
 0001:000415f0       ?to_integer_size@__crt_stdio_output@@YA_KW4length_modifier@1@@Z 00000001800425f0 f i libucrt:output.obj
 0001:00041658       ?type_case_Z@?$output_processor@DV?$string_output_adapter@D@__crt_stdio_output@@V?$format_validation_base@DV?$string_output_adapter@D@__crt_stdio_output@@@2@@__crt_stdio_output@@AEAA_NXZ 0000000180042658 f i libucrt:output.obj
 0001:000416cc       ?type_case_Z@?$output_processor@_WV?$string_output_adapter@_W@__crt_stdio_output@@V?$standard_base@_WV?$string_output_adapter@_W@__crt_stdio_output@@@2@@__crt_stdio_output@@AEAA_NXZ 00000001800426cc f i libucrt:output.obj
 0001:000416cc       ?type_case_Z@?$output_processor@_WV?$stream_output_adapter@_W@__crt_stdio_output@@V?$standard_base@_WV?$stream_output_adapter@_W@__crt_stdio_output@@@2@@__crt_stdio_output@@AEAA_NXZ 00000001800426cc f i libucrt:output.obj
 0001:00041748       ?type_case_a@?$output_processor@DV?$string_output_adapter@D@__crt_stdio_output@@V?$format_validation_base@DV?$string_output_adapter@D@__crt_stdio_output@@@2@@__crt_stdio_output@@AEAA_NXZ 0000000180042748 f i libucrt:output.obj
 0001:00041904       ?type_case_a@?$output_processor@_WV?$string_output_adapter@_W@__crt_stdio_output@@V?$standard_base@_WV?$string_output_adapter@_W@__crt_stdio_output@@@2@@__crt_stdio_output@@AEAA_NXZ 0000000180042904 f i libucrt:output.obj
 0001:00041904       ?type_case_a@?$output_processor@_WV?$stream_output_adapter@_W@__crt_stdio_output@@V?$standard_base@_WV?$stream_output_adapter@_W@__crt_stdio_output@@@2@@__crt_stdio_output@@AEAA_NXZ 0000000180042904 f i libucrt:output.obj
 0001:00041ae4       ?type_case_c_tchar@?$output_processor@DV?$string_output_adapter@D@__crt_stdio_output@@V?$format_validation_base@DV?$string_output_adapter@D@__crt_stdio_output@@@2@@__crt_stdio_output@@AEAA_ND@Z 0000000180042ae4 f i libucrt:output.obj
 0001:00041bac       ?type_case_c_tchar@?$output_processor@_WV?$stream_output_adapter@_W@__crt_stdio_output@@V?$standard_base@_WV?$stream_output_adapter@_W@__crt_stdio_output@@@2@@__crt_stdio_output@@AEAA_N_W@Z 0000000180042bac f i libucrt:output.obj
 0001:00041bac       ?type_case_c_tchar@?$output_processor@_WV?$string_output_adapter@_W@__crt_stdio_output@@V?$standard_base@_WV?$string_output_adapter@_W@__crt_stdio_output@@@2@@__crt_stdio_output@@AEAA_N_W@Z 0000000180042bac f i libucrt:output.obj
 0001:00041c54       ?type_case_integer@?$output_processor@DV?$string_output_adapter@D@__crt_stdio_output@@V?$format_validation_base@DV?$string_output_adapter@D@__crt_stdio_output@@@2@@__crt_stdio_output@@AEAA_NI_N@Z 0000000180042c54 f i libucrt:output.obj
 0001:00041dd4       ?type_case_integer@?$output_processor@_WV?$string_output_adapter@_W@__crt_stdio_output@@V?$standard_base@_WV?$string_output_adapter@_W@__crt_stdio_output@@@2@@__crt_stdio_output@@AEAA_NI_N@Z 0000000180042dd4 f i libucrt:output.obj
 0001:00041dd4       ?type_case_integer@?$output_processor@_WV?$stream_output_adapter@_W@__crt_stdio_output@@V?$standard_base@_WV?$stream_output_adapter@_W@__crt_stdio_output@@@2@@__crt_stdio_output@@AEAA_NI_N@Z 0000000180042dd4 f i libucrt:output.obj
 0001:00041f5c       ?type_case_n@?$output_processor@_WV?$string_output_adapter@_W@__crt_stdio_output@@V?$standard_base@_WV?$string_output_adapter@_W@__crt_stdio_output@@@2@@__crt_stdio_output@@AEAA_NXZ 0000000180042f5c f i libucrt:output.obj
 0001:00041f5c       ?type_case_n@?$output_processor@DV?$string_output_adapter@D@__crt_stdio_output@@V?$format_validation_base@DV?$string_output_adapter@D@__crt_stdio_output@@@2@@__crt_stdio_output@@AEAA_NXZ 0000000180042f5c f i libucrt:output.obj
 0001:00041f5c       ?type_case_n@?$output_processor@_WV?$stream_output_adapter@_W@__crt_stdio_output@@V?$standard_base@_WV?$stream_output_adapter@_W@__crt_stdio_output@@@2@@__crt_stdio_output@@AEAA_NXZ 0000000180042f5c f i libucrt:output.obj
 0001:00041fe4       ?type_case_s@?$output_processor@DV?$string_output_adapter@D@__crt_stdio_output@@V?$format_validation_base@DV?$string_output_adapter@D@__crt_stdio_output@@@2@@__crt_stdio_output@@AEAA_NXZ 0000000180042fe4 f i libucrt:output.obj
 0001:0004207c       ?type_case_s@?$output_processor@_WV?$string_output_adapter@_W@__crt_stdio_output@@V?$standard_base@_WV?$string_output_adapter@_W@__crt_stdio_output@@@2@@__crt_stdio_output@@AEAA_NXZ 000000018004307c f i libucrt:output.obj
 0001:0004207c       ?type_case_s@?$output_processor@_WV?$stream_output_adapter@_W@__crt_stdio_output@@V?$standard_base@_WV?$stream_output_adapter@_W@__crt_stdio_output@@@2@@__crt_stdio_output@@AEAA_NXZ 000000018004307c f i libucrt:output.obj
 0001:00042144       ?write_stored_string_tchar@?$output_processor@DV?$string_output_adapter@D@__crt_stdio_output@@V?$format_validation_base@DV?$string_output_adapter@D@__crt_stdio_output@@@2@@__crt_stdio_output@@AEAA_ND@Z 0000000180043144 f i libucrt:output.obj
 0001:00042220       ?write_stored_string_tchar@?$output_processor@_WV?$stream_output_adapter@_W@__crt_stdio_output@@V?$standard_base@_WV?$stream_output_adapter@_W@__crt_stdio_output@@@2@@__crt_stdio_output@@AEAA_N_W@Z 0000000180043220 f i libucrt:output.obj
 0001:00042324       ?write_stored_string_tchar@?$output_processor@_WV?$string_output_adapter@_W@__crt_stdio_output@@V?$standard_base@_WV?$string_output_adapter@_W@__crt_stdio_output@@@2@@__crt_stdio_output@@AEAA_N_W@Z 0000000180043324 f i libucrt:output.obj
 0001:0004240c       ?write_string@?$string_output_adapter@D@__crt_stdio_output@@QEBAXQEBDHQEAHAEAV__crt_deferred_errno_cache@@@Z 000000018004340c f i libucrt:output.obj
 0001:000424b0       ?write_string@?$string_output_adapter@_W@__crt_stdio_output@@QEBAXQEB_WHQEAHAEAV__crt_deferred_errno_cache@@@Z 00000001800434b0 f i libucrt:output.obj
 0001:00042558       ?write_string_impl@?$output_adapter_common@_WV?$stream_output_adapter@_W@__crt_stdio_output@@@__crt_stdio_output@@IEBAXQEB_WHQEAHAEAV__crt_deferred_errno_cache@@@Z 0000000180043558 f i libucrt:output.obj
 0001:00042658       __stdio_common_vfwprintf   0000000180043658 f   libucrt:output.obj
 0001:000426e4       __stdio_common_vsprintf_s  00000001800436e4 f   libucrt:output.obj
 0001:00042748       __stdio_common_vswprintf   0000000180043748 f   libucrt:output.obj
 0001:00042750       free                       0000000180043750 f   libucrt:free.obj
 0001:00042764       malloc                     0000000180043764 f   libucrt:malloc.obj
 0001:0004276c       realloc                    000000018004376c f   libucrt:realloc.obj
 0001:00042774       _lrotl                     0000000180043774 f   libucrt:rotl.obj
 0001:00042780       rand                       0000000180043780 f   libucrt:rand.obj
 0001:000427ac       srand                      00000001800437ac f   libucrt:rand.obj
 0001:000427c4       ??$parse_integer@KV?$c_string_character_source@D@__crt_strtox@@@__crt_strtox@@YAKQEAU__crt_locale_pointers@@V?$c_string_character_source@D@0@H_N@Z 00000001800437c4 f i libucrt:strtox.obj
 0001:00042ac8       ??$parse_integer@KV?$c_string_character_source@_W@__crt_strtox@@@__crt_strtox@@YAKQEAU__crt_locale_pointers@@V?$c_string_character_source@_W@0@H_N@Z 0000000180043ac8 f i libucrt:strtox.obj
 0001:00043170       strtol                     0000000180044170 f   libucrt:strtox.obj
 0001:0004319c       wcstol                     000000018004419c f   libucrt:strtox.obj
 0001:000431e0       strcat                     00000001800441e0 f   libucrt:strcat.obj
 0001:00043280       strcpy                     0000000180044280 f   libucrt:strcat.obj
 0001:00043283       ___entry_from_strcat_in_strcpy 0000000180044283     libucrt:strcat.obj
 0001:00043350       strcmp                     0000000180044350 f   libucrt:strcmp.obj
 0001:000433d0       strlen                     00000001800443d0 f   libucrt:strlen.obj
 0001:00043490       strncmp                    0000000180044490 f   libucrt:strncmp.obj
 0001:00043c28       ??$ftprintf@PEAU_iobuf@@PEB_WAEBQEB_WAEBQEB_WAEBI@?$__crt_char_traits@_W@@SAH$$QEAPEAU_iobuf@@$$QEAPEB_WAEBQEB_W2AEBI@Z 0000000180044c28 f i libucrt:assert.obj
 0001:00043c50       _wassert                   0000000180044c50 f   libucrt:assert.obj
 0001:00043cc4       fwprintf                   0000000180044cc4 f i libucrt:assert.obj
 0001:00043d08       swprintf                   0000000180044d08 f i libucrt:assert.obj
 0001:00043d5c       _time64                    0000000180044d5c f   libucrt:time.obj
 0001:00043dcc       _initterm                  0000000180044dcc f   libucrt:initterm.obj
 0001:00043e30       _initterm_e                0000000180044e30 f   libucrt:initterm.obj
 0001:00043e70       _seh_filter_dll            0000000180044e70 f   libucrt:exception_filter.obj
 0001:00043e84       _seh_filter_exe            0000000180044e84 f   libucrt:exception_filter.obj
 0001:00044274       __acrt_initialize_thread_local_exit_callback 0000000180045274 f   libucrt:exit.obj
 0001:0004427c       _cexit                     000000018004527c f   libucrt:exit.obj
 0001:0004428c       _exit                      000000018004528c f   libucrt:exit.obj
 0001:00044298       _is_c_termination_complete 0000000180045298 f   libucrt:exit.obj
 0001:00044460       __acrt_allocate_buffer_for_argv 0000000180045460 f   libucrt:argv_parsing.obj
 0001:000444c0       _configure_narrow_argv     00000001800454c0 f   libucrt:argv_parsing.obj
 0001:00044838       __dcrt_uninitialize_environments_nolock 0000000180045838 f   libucrt:environment_initialization.obj
 0001:00044870       _initialize_narrow_environment 0000000180045870 f   libucrt:environment_initialization.obj
 0001:000449cc       _execute_onexit_table      00000001800459cc f   libucrt:onexit.obj
 0001:00044a08       _initialize_onexit_table   0000000180045a08 f   libucrt:onexit.obj
 0001:00044a68       __acrt_uninitialize_command_line 0000000180045a68 f   libucrt:argv_data.obj
 0001:00044b60       __acrt_initialize          0000000180045b60 f   libucrt:initialization.obj
 0001:00044b74       __acrt_thread_attach       0000000180045b74 f   libucrt:initialization.obj
 0001:00044b88       __acrt_thread_detach       0000000180045b88 f   libucrt:initialization.obj
 0001:00044b98       __acrt_uninitialize        0000000180045b98 f   libucrt:initialization.obj
 0001:00044bd0       __acrt_uninitialize_critical 0000000180045bd0 f   libucrt:initialization.obj
 0001:00044be0       terminate                  0000000180045be0 f   libucrt:terminate.obj
 0001:00044c00       strcpy_s                   0000000180045c00 f   libucrt:strcpy_s.obj
 0001:00044c60       abort                      0000000180045c60 f   libucrt:abort.obj
 0001:00044cb8       calloc                     0000000180045cb8 f   libucrt:calloc.obj
 0001:00044cc0       wcsncmp                    0000000180045cc0 f   libucrt:wcsncmp.obj
 0001:00044cec       _clrfp                     0000000180045cec f   libucrt:fpctrl.obj
 0001:00044d0c       _ctrlfp                    0000000180045d0c f   libucrt:fpctrl.obj
 0001:00044d88       _set_statfp                0000000180045d88 f   libucrt:fpctrl.obj
 0001:00044da8       _statfp                    0000000180045da8 f   libucrt:fpctrl.obj
 0001:00044ee0       _handle_error              0000000180045ee0 f   libucrt:libm_error.obj
 0001:00045008       _handle_errorf             0000000180046008 f   libucrt:libm_error.obj
 0001:0004513c       _handle_nan                000000018004613c f   libucrt:libm_error.obj
 0001:00045160       __acrt_initialize_fma3     0000000180046160 f   libucrt:fma3_available.obj
 0001:000451d0       __remainder_piby2_forAsm   00000001800461d0 f   libucrt:remainder_piby2_forasm.obj
 0001:000453e0       __remainder_piby2_cw_forAsm 00000001800463e0 f   libucrt:remainder_piby2_forasm.obj
 0001:00045520       __remainder_piby2_fma3     0000000180046520 f   libucrt:remainder_piby2_forfma3.obj
 0001:00045710       __remainder_piby2_fma3_bdl 0000000180046710 f   libucrt:remainder_piby2_forfma3.obj
 0001:00045788       _cos_special               0000000180046788 f   libucrt:sincos_special.obj
 0001:0004579c       _cosf_special              000000018004679c f   libucrt:sincos_special.obj
 0001:000458e0       _sinf_special              00000001800468e0 f   libucrt:sincos_special.obj
 0001:000458f4       _tanf_special              00000001800468f4 f   libucrt:sincos_special.obj
 0001:00045910       _pow_special               0000000180046910 f   libucrt:pow_special.obj
 0001:00045a34       __acrt_call_reportfault    0000000180046a34 f   libucrt:invalid_parameter.obj
 0001:00045b90       __acrt_initialize_invalid_parameter_handler 0000000180046b90 f   libucrt:invalid_parameter.obj
 0001:00045b98       _invalid_parameter         0000000180046b98 f   libucrt:invalid_parameter.obj
 0001:00045c48       _invalid_parameter_noinfo  0000000180046c48 f   libucrt:invalid_parameter.obj
 0001:00045c68       _invoke_watson             0000000180046c68 f   libucrt:invalid_parameter.obj
 0001:00045cb0       __pctype_func              0000000180046cb0 f   libucrt:ctype.obj
 0001:00045ce0       iswctype                   0000000180046ce0 f   libucrt:iswctype.obj
 0001:00045d4c       _isctype_l                 0000000180046d4c f   libucrt:isctype.obj
 0001:00045e54       __acrt_errno_from_os_error 0000000180046e54 f   libucrt:errno.obj
 0001:00045e9c       __acrt_errno_map_os_error  0000000180046e9c f   libucrt:errno.obj
 0001:00045eec       __doserrno                 0000000180046eec f   libucrt:errno.obj
 0001:00045f0c       _errno                     0000000180046f0c f   libucrt:errno.obj
 0001:000462a4       __acrt_freeptd             00000001800472a4 f   libucrt:per_thread_data.obj
 0001:000462e8       __acrt_getptd              00000001800472e8 f   libucrt:per_thread_data.obj
 0001:000463bc       __acrt_getptd_head         00000001800473bc f   libucrt:per_thread_data.obj
 0001:00046464       __acrt_getptd_noexit       0000000180047464 f   libucrt:per_thread_data.obj
 0001:00046530       __acrt_initialize_ptd      0000000180047530 f   libucrt:per_thread_data.obj
 0001:0004656c       __acrt_uninitialize_ptd    000000018004756c f   libucrt:per_thread_data.obj
 0001:00046590       __acrt_update_locale_info  0000000180047590 f   libucrt:locale_update.obj
 0001:000465c4       __acrt_update_multibyte_info 00000001800475c4 f   libucrt:locale_update.obj
 0001:000465f8       fegetround                 00000001800475f8 f   libucrt:fegetround.obj
 0001:0004667c       __acrt_set_locale_changed  000000018004767c f   libucrt:wsetlocale.obj
 0001:00046688       __acrt_uninitialize_locale 0000000180047688 f   libucrt:wsetlocale.obj
 0001:000466b8       _copysign                  00000001800476b8 f   libucrt:_copysign.obj
 0001:000466ec       _decomp                    00000001800476ec f   libucrt:util.obj
 0001:0004681c       _set_exp                   000000018004781c f   libucrt:util.obj
 0001:00046854       _sptype                    0000000180047854 f   libucrt:util.obj
 0001:000468c8       _errcode                   00000001800478c8 f   libucrt:fpexcept.obj
 0001:0004690c       _except2                   000000018004790c f   libucrt:fpexcept.obj
 0001:00046a14       _handle_exc                0000000180047a14 f   libucrt:fpexcept.obj
 0001:00046c7c       _handle_qnan2              0000000180047c7c f   libucrt:fpexcept.obj
 0001:00046c84       _raise_exc                 0000000180047c84 f   libucrt:fpexcept.obj
 0001:00046cac       _raise_exc_ex              0000000180047cac f   libucrt:fpexcept.obj
 0001:00046fbc       _raise_excf                0000000180047fbc f   libucrt:fpexcept.obj
 0001:00046fe8       _set_errno_from_matherr    0000000180047fe8 f   libucrt:fpexcept.obj
 0001:00047018       _umatherr                  0000000180048018 f   libucrt:fpexcept.obj
 0001:000470f0       __remainder_piby2d2f_forAsm 00000001800480f0 f   libucrt:remainder_piby2f_forasm.obj
 0001:00047240       __remainder_piby2d2f_forC  0000000180048240 f   libucrt:remainder_piby2f_forc.obj
 0001:000473cc       __acrt_initialize_stdio    00000001800483cc f   libucrt:_file.obj
 0001:000474ec       __acrt_iob_func            00000001800484ec f   libucrt:_file.obj
 0001:00047500       __acrt_uninitialize_stdio  0000000180048500 f   libucrt:_file.obj
 0001:0004755c       _lock_file                 000000018004855c f   libucrt:_file.obj
 0001:00047568       _unlock_file               0000000180048568 f   libucrt:_file.obj
 0001:00047574       ?__acrt_stdio_allocate_stream@@YA?AV__crt_stdio_stream@@XZ 0000000180048574 f   libucrt:stream.obj
 0001:000475cc       ?__acrt_stdio_free_stream@@YAXV__crt_stdio_stream@@@Z 00000001800485cc f   libucrt:stream.obj
 0001:000476d4       ??$__acrt_stdio_parse_mode@D@@YA?AU__acrt_stdio_stream_mode@@QEBD@Z 00000001800486d4 f i libucrt:openfile.obj
 0001:00047998       _openfile                  0000000180048998 f   libucrt:openfile.obj
 0001:00047a34       _free_base                 0000000180048a34 f   libucrt:free_base.obj
 0001:00047ae8       _close                     0000000180048ae8 f   libucrt:close.obj
 0001:00047b8c       _close_nolock              0000000180048b8c f   libucrt:close.obj
 0001:00047c4c       _fileno                    0000000180048c4c f   libucrt:fileno.obj
 0001:00047c74       __acrt_stdio_free_buffer_nolock 0000000180048c74 f   libucrt:_freebuf.obj
 0001:00047ed0       __acrt_stdio_flush_nolock  0000000180048ed0 f   libucrt:fflush.obj
 0001:00047f4c       _fflush_nolock             0000000180048f4c f   libucrt:fflush.obj
 0001:00047f98       _flushall                  0000000180048f98 f   libucrt:fflush.obj
 0001:00047fa0       fflush                     0000000180048fa0 f   libucrt:fflush.obj
 0001:00048008       __acrt_stdio_refill_and_read_narrow_nolock 0000000180049008 f   libucrt:_filbuf.obj
 0001:00048370       __acrt_initialize_lowio    0000000180049370 f   libucrt:ioinit.obj
 0001:000483ac       __acrt_uninitialize_lowio  00000001800493ac f   libucrt:ioinit.obj
 0001:00048954       _read                      0000000180049954 f   libucrt:read.obj
 0001:00048a70       _read_nolock               0000000180049a70 f   libucrt:read.obj
 0001:00049054       _lseeki64                  000000018004a054 f   libucrt:lseek.obj
 0001:0004905c       _lseeki64_nolock           000000018004a05c f   libucrt:lseek.obj
 0001:00049064       __acrt_stdio_allocate_buffer_nolock 000000018004a064 f   libucrt:_getbuf.obj
 0001:000490d0       _malloc_base               000000018004a0d0 f   libucrt:malloc_base.obj
 0001:00049130       _mbtowc_l                  000000018004a130 f   libucrt:mbtowc.obj
 0001:000492b0       mbtowc                     000000018004a2b0 f   libucrt:mbtowc.obj
 0001:000492b8       _wctomb_s_l                000000018004a2b8 f   libucrt:wctomb.obj
 0001:00049454       wctomb_s                   000000018004a454 f   libucrt:wctomb.obj
 0001:00049468       strnlen                    000000018004a468 f   libucrt:strnlen.obj
 0001:000495b8       wcsnlen                    000000018004a5b8 f   libucrt:strnlen.obj
 0001:0004a19c       __acrt_fp_format           000000018004b19c f   libucrt:cvt.obj
 0001:0004a4d4       _fputwc_nolock             000000018004b4d4 f   libucrt:fputwc.obj
 0001:0004a650       _fputc_nolock              000000018004b650 f   libucrt:fputc.obj
 0001:0004a668       _get_printf_count_output   000000018004b668 f   libucrt:printf_count_output.obj
 0001:0004a680       __acrt_should_use_temporary_buffer 000000018004b680 f   libucrt:_sftbuf.obj
 0001:0004a6c8       __acrt_stdio_begin_temporary_buffering_nolock 000000018004b6c8 f   libucrt:_sftbuf.obj
 0001:0004a790       __acrt_stdio_end_temporary_buffering_nolock 000000018004b790 f   libucrt:_sftbuf.obj
 0001:0004a7cc       _realloc_base              000000018004b7cc f   libucrt:realloc_base.obj
 0001:0004a848       _query_app_type            000000018004b848 f   libucrt:report_runtime_error.obj
 0001:0004a990       _itow_s                    000000018004b990 f   libucrt:xtoa.obj
 0001:0004a9b0       _set_error_mode            000000018004b9b0 f   libucrt:set_error_mode.obj
 0001:0004a9f0       wcscat_s                   000000018004b9f0 f   libucrt:wcscat_s.obj
 0001:0004aa70       wcscpy_s                   000000018004ba70 f   libucrt:wcscpy_s.obj
 0001:0004aad8       wcsncat_s                  000000018004bad8 f   libucrt:wcsncat_s.obj
 0001:0004abd8       ??$__acrt_wcs_to_mbs_cp@U__crt_win32_buffer_no_resizing@@@@YAHQEB_WAEAV?$__crt_win32_buffer@DU__crt_win32_buffer_no_resizing@@@@I@Z 000000018004bbd8 f i libucrt:getmodulefilenamea.obj
 0001:0004acec       __acrt_GetModuleFileNameA  000000018004bcec f   libucrt:getmodulefilenamea.obj
 0001:0004ae0c       __acrt_show_wide_message_box 000000018004be0c f   libucrt:crtmbox.obj
 0001:0004afd4       setvbuf                    000000018004bfd4 f   libucrt:setvbuf.obj
 0001:0004b0b8       __acrt_get_sigabrt_handler 000000018004c0b8 f   libucrt:signal.obj
 0001:0004b0e8       __acrt_initialize_signal_handlers 000000018004c0e8 f   libucrt:signal.obj
 0001:0004b108       raise                      000000018004c108 f   libucrt:signal.obj
 0001:0004b54c       __acrt_AppPolicyGetProcessTerminationMethodInternal 000000018004c54c f   libucrt:winapi_thunks.obj
 0001:0004b59c       __acrt_AppPolicyGetShowDeveloperDiagnosticInternal 000000018004c59c f   libucrt:winapi_thunks.obj
 0001:0004b5ec       __acrt_AppPolicyGetWindowingModelInternal 000000018004c5ec f   libucrt:winapi_thunks.obj
 0001:0004b63c       __acrt_AreFileApisANSI     000000018004c63c f   libucrt:winapi_thunks.obj
 0001:0004b678       __acrt_FlsAlloc            000000018004c678 f   libucrt:winapi_thunks.obj
 0001:0004b6c0       __acrt_FlsFree             000000018004c6c0 f   libucrt:winapi_thunks.obj
 0001:0004b708       __acrt_FlsGetValue         000000018004c708 f   libucrt:winapi_thunks.obj
 0001:0004b750       __acrt_FlsSetValue         000000018004c750 f   libucrt:winapi_thunks.obj
 0001:0004b7a4       __acrt_InitializeCriticalSectionEx 000000018004c7a4 f   libucrt:winapi_thunks.obj
 0001:0004b808       __acrt_LCMapStringEx       000000018004c808 f   libucrt:winapi_thunks.obj
 0001:0004b8e4       __acrt_LocaleNameToLCID    000000018004c8e4 f   libucrt:winapi_thunks.obj
 0001:0004b934       __acrt_MessageBoxW         000000018004c934 f   libucrt:winapi_thunks.obj
 0001:0004b9a8       __acrt_can_show_message_box 000000018004c9a8 f   libucrt:winapi_thunks.obj
 0001:0004ba18       __acrt_get_parent_window   000000018004ca18 f   libucrt:winapi_thunks.obj
 0001:0004ba90       __acrt_initialize_winapi_thunks 000000018004ca90 f   libucrt:winapi_thunks.obj
 0001:0004bac4       __acrt_is_interactive      000000018004cac4 f   libucrt:winapi_thunks.obj
 0001:0004bb8c       __acrt_uninitialize_winapi_thunks 000000018004cb8c f   libucrt:winapi_thunks.obj
 0001:0004bbd0       __acrt_initialize_locks    000000018004cbd0 f   libucrt:locks.obj
 0001:0004bc18       __acrt_lock                000000018004cc18 f   libucrt:locks.obj
 0001:0004bc34       __acrt_uninitialize_locks  000000018004cc34 f   libucrt:locks.obj
 0001:0004bc6c       __acrt_unlock              000000018004cc6c f   libucrt:locks.obj
 0001:0004bc88       __acrt_get_developer_information_policy 000000018004cc88 f   libucrt:win_policies.obj
 0001:0004bcdc       __acrt_get_process_end_policy 000000018004ccdc f   libucrt:win_policies.obj
 0001:0004bd18       __acrt_get_windowing_model_policy 000000018004cd18 f   libucrt:win_policies.obj
 0001:0004bd84       _calloc_base               000000018004cd84 f   libucrt:calloc_base.obj
 0001:0004be10       ??$__acrt_mbs_to_wcs_cp@U__crt_win32_buffer_internal_dynamic_resizing@@@@YAHQEBDAEAV?$__crt_win32_buffer@_WU__crt_win32_buffer_internal_dynamic_resizing@@@@I@Z 000000018004ce10 f i libucrt:argv_wildcards.obj
 0001:0004bf88       ??$__acrt_wcs_to_mbs_cp@U__crt_win32_buffer_internal_dynamic_resizing@@@@YAHQEB_WAEAV?$__crt_win32_buffer@DU__crt_win32_buffer_internal_dynamic_resizing@@@@I@Z 000000018004cf88 f i libucrt:argv_wildcards.obj
 0001:0004c7b8       __acrt_expand_narrow_argv_wildcards 000000018004d7b8 f   libucrt:argv_wildcards.obj
 0001:0004cee8       __acrt_initialize_multibyte 000000018004dee8 f   libucrt:mbctype.obj
 0001:0004cf48       __acrt_update_thread_multibyte_data 000000018004df48 f   libucrt:mbctype.obj
 0001:0004cf64       _setmbcp_nolock            000000018004df64 f   libucrt:mbctype.obj
 0001:0004d298       _ismbblead                 000000018004e298 f   libucrt:ismbbyte.obj
 0001:0004d2ac       __acrt_initialize_command_line 000000018004e2ac f   libucrt:argv_data.obj
 0001:0004d2d4       __acrt_MultiByteToWideChar 000000018004e2d4 f   libucrt:multibytetowidechar.obj
 0001:0004d330       __acrt_WideCharToMultiByte 000000018004e330 f   libucrt:widechartomultibyte.obj
 0001:0004d3e0       __dcrt_get_narrow_environment_from_os 000000018004e3e0 f   libucrt:get_environment_from_os.obj
 0001:0004d4e4       _recalloc_base             000000018004e4e4 f   libucrt:recalloc.obj
 0001:0004d57c       __acrt_initialize_heap     000000018004e57c f   libucrt:heap_handle.obj
 0001:0004d598       __acrt_uninitialize_heap   000000018004e598 f   libucrt:heap_handle.obj
 0001:0004d5a4       __acrt_execute_initializers 000000018004e5a4 f   libucrt:shared_initialization.obj
 0001:0004d624       __acrt_execute_uninitializers 000000018004e624 f   libucrt:shared_initialization.obj
 0001:0004d660       __acrt_initialize_new_handler 000000018004e660 f   libucrt:new_handler.obj
 0001:0004d668       _callnewh                  000000018004e668 f   libucrt:new_handler.obj
 0001:0004d698       _query_new_handler         000000018004e698 f   libucrt:new_handler.obj
 0001:0004d6cc       __acrt_has_user_matherr    000000018004e6cc f   libucrt:matherr.obj
 0001:0004d6ec       __acrt_initialize_user_matherr 000000018004e6ec f   libucrt:matherr.obj
 0001:0004d6f4       __acrt_invoke_user_matherr 000000018004e6f4 f   libucrt:matherr.obj
 0001:0004d740       _get_fpsr                  000000018004e740 f   libucrt:fpsr.obj
 0001:0004d750       _set_fpsr                  000000018004e750 f   libucrt:fpsr.obj
 0001:0004d75a       _fclrf                     000000018004e75a f   libucrt:fpsr.obj
 0001:0004d76e       _frnd                      000000018004e76e f   libucrt:fpsr.obj
 0001:0004d790       __acrt_GetStringTypeW      000000018004e790 f   libucrt:getstringtypew.obj
 0001:0004d798       __acrt_GetStringTypeA      000000018004e798 f   libucrt:getstringtypea.obj
 0001:0004d928       __acrt_add_locale_ref      000000018004e928 f   libucrt:locale_refcounting.obj
 0001:0004d9b4       __acrt_free_locale         000000018004e9b4 f   libucrt:locale_refcounting.obj
 0001:0004db2c       __acrt_locale_add_lc_time_reference 000000018004eb2c f   libucrt:locale_refcounting.obj
 0001:0004db54       __acrt_locale_free_lc_time_if_unreferenced 000000018004eb54 f   libucrt:locale_refcounting.obj
 0001:0004db8c       __acrt_locale_release_lc_time_reference 000000018004eb8c f   libucrt:locale_refcounting.obj
 0001:0004dbb4       __acrt_release_locale_ref  000000018004ebb4 f   libucrt:locale_refcounting.obj
 0001:0004dc5c       __acrt_update_thread_locale_data 000000018004ec5c f   libucrt:locale_refcounting.obj
 0001:0004dccc       _updatetlocinfoEx_nolock   000000018004eccc f   libucrt:locale_refcounting.obj
 0001:0004dd34       __acrt_fenv_get_common_round_control 000000018004ed34 f   libucrt:_fenvutils.obj
 0001:0004dd40       __acrt_fenv_get_control    000000018004ed40 f   libucrt:_fenvutils.obj
 0001:0004de34       __acrt_fenv_get_status     000000018004ee34 f   libucrt:_fenvutils.obj
 0001:0004de88       __acrt_fenv_set_control    000000018004ee88 f   libucrt:_fenvutils.obj
 0001:0004dfd0       __acrt_fenv_set_status     000000018004efd0 f   libucrt:_fenvutils.obj
 0001:0004e054       __acrt_locale_free_monetary 000000018004f054 f   libucrt:initmon.obj
 0001:0004e160       __acrt_locale_free_numeric 000000018004f160 f   libucrt:initnum.obj
 0001:0004e224       __acrt_locale_free_time    000000018004f224 f   libucrt:inittime.obj
 0001:0004e32c       _fcloseall                 000000018004f32c f   libucrt:closeall.obj
 0001:0004e3e0       __ascii_wcsnicmp           000000018004f3e0 f   libucrt:wcsnicmp.obj
 0001:0004e42c       __ascii_strnicmp           000000018004f42c f   libucrt:strnicmp.obj
 0001:0004e478       _strnicmp                  000000018004f478 f   libucrt:strnicmp.obj
 0001:0004e4c8       _strnicmp_l                000000018004f4c8 f   libucrt:strnicmp.obj
 0001:0004eba0       _sopen_nolock              000000018004fba0 f   libucrt:open.obj
 0001:0004ecb8       _sopen_s                   000000018004fcb8 f   libucrt:open.obj
 0001:0004ecec       _wsopen_nolock             000000018004fcec f   libucrt:open.obj
 0001:0004f0d4       __acrt_lowio_create_handle_array 00000001800500d4 f   libucrt:osfinfo.obj
 0001:0004f17c       __acrt_lowio_destroy_handle_array 000000018005017c f   libucrt:osfinfo.obj
 0001:0004f1cc       __acrt_lowio_ensure_fh_exists 00000001800501cc f   libucrt:osfinfo.obj
 0001:0004f274       __acrt_lowio_lock_fh       0000000180050274 f   libucrt:osfinfo.obj
 0001:0004f29c       __acrt_lowio_set_os_handle 000000018005029c f   libucrt:osfinfo.obj
 0001:0004f35c       __acrt_lowio_unlock_fh     000000018005035c f   libucrt:osfinfo.obj
 0001:0004f384       _alloc_osfhnd              0000000180050384 f   libucrt:osfinfo.obj
 0001:0004f4c4       _free_osfhnd               00000001800504c4 f   libucrt:osfinfo.obj
 0001:0004f580       _get_osfhandle             0000000180050580 f   libucrt:osfinfo.obj
 0001:0004f684       _commit                    0000000180050684 f   libucrt:commit.obj
 0001:0004ff94       _write                     0000000180050f94 f   libucrt:write.obj
 0001:00050080       _write_nolock              0000000180051080 f   libucrt:write.obj
 0001:00050364       _isatty                    0000000180051364 f   libucrt:isatty.obj
 0001:000503c4       _query_new_mode            00000001800513c4 f   libucrt:new_mode.obj
 0001:000503cc       _isleadbyte_l              00000001800513cc f i libucrt:_wctype.obj
 0001:00050418       ?__mbrtowc_utf8@__crt_mbstring@@YA_KPEA_WPEBD_KPEAU_Mbstatet@@@Z 0000000180051418 f   libucrt:mbrtowc.obj
 0001:00050454       ?__mbsrtowcs_utf8@__crt_mbstring@@YA_KPEA_WPEAPEBD_KPEAU_Mbstatet@@@Z 0000000180051454 f   libucrt:mbrtowc.obj
 0001:000505cc       ?__c32rtomb_utf8@__crt_mbstring@@YA_KPEAD_UPEAU_Mbstatet@@@Z 00000001800515cc f   libucrt:c32rtomb.obj
 0001:00050680       __acrt_fp_strflt_to_string 0000000180051680 f   libucrt:_fptostr.obj
 0001:000507dc       __acrt_fltout              00000001800517dc f   libucrt:cfout.obj
 0001:00051c68       __acrt_stdio_flush_and_write_narrow_nolock 0000000180052c68 f   libucrt:_flsbuf.obj
 0001:00051d20       __acrt_stdio_flush_and_write_wide_nolock 0000000180052d20 f   libucrt:_flsbuf.obj
 0001:00051ddc       __acrt_DownlevelLocaleNameToLCID 0000000180052ddc f   libucrt:lcidtoname_downlevel.obj
 0001:00051e90       qsort                      0000000180052e90 f   libucrt:qsort.obj
 0001:00052230       strncpy_s                  0000000180053230 f   libucrt:strncpy_s.obj
 0001:000523b0       strpbrk                    00000001800533b0 f   libucrt:strpbrk.obj
 0001:00052778       _mbsdec                    0000000180053778 f   libucrt:mbsdec.obj
 0001:00052780       _mbsdec_l                  0000000180053780 f   libucrt:mbsdec.obj
 0001:00052b2c       __acrt_LCMapStringA        0000000180053b2c f   libucrt:lcmapstringa.obj
 0001:00052bdc       _msize_base                0000000180053bdc f   libucrt:msize.obj
 0001:00052c18       _get_fmode                 0000000180053c18 f   libucrt:setmode.obj
 0001:00052c48       _setmode_nolock            0000000180053c48 f   libucrt:setmode.obj
 0001:00052d28       _chsize_nolock             0000000180053d28 f   libucrt:chsize.obj
 0001:00052e94       _putwch_nolock             0000000180053e94 f   libucrt:putwch.obj
 0001:00052ed0       ?__mbrtoc32_utf8@__crt_mbstring@@YA_KPEA_UPEBD_KPEAU_Mbstatet@@@Z 0000000180053ed0 f   libucrt:mbrtoc32.obj
 0001:000530a8       _controlfp_s               00000001800540a8 f   libucrt:contrlfp.obj
 0001:0005310c       fegetenv                   000000018005410c f   libucrt:fegetenv.obj
 0001:0005312c       fesetenv                   000000018005412c f   libucrt:fesetenv.obj
 0001:00053178       feholdexcept               0000000180054178 f   libucrt:feholdexcept.obj
 0001:000531d0       log10                      00000001800541d0 f   libucrt:log10.obj
 0001:0005377c       __strncnt                  000000018005477c f   libucrt:strncnt.obj
 0001:00053794       __acrt_initialize_fmode    0000000180054794 f   libucrt:txtmode.obj
 0001:000537b0       __dcrt_lowio_ensure_console_output_initialized 00000001800547b0 f   libucrt:initcon.obj
 0001:00053804       __dcrt_terminate_console_output 0000000180054804 f   libucrt:initcon.obj
 0001:00053820       __dcrt_write_console       0000000180054820 f   libucrt:initcon.obj
 0001:000538e0       _clearfp                   00000001800548e0 f   libucrt:ieee.obj
 0001:00053950       _control87                 0000000180054950 f   libucrt:ieee.obj
 0001:00053c20       _log10_special             0000000180054c20 f   libucrt:log_special.obj
 0001:00053ce0       _FindPESection             0000000180054ce0 f   LIBCMT:pesect.obj
 0001:00053d30       _IsNonwritableInCurrentImage 0000000180054d30 f   LIBCMT:pesect.obj
 0001:00053d80       _ValidateImageBase         0000000180054d80 f   LIBCMT:pesect.obj
 0001:00053dac       _local_unwind              0000000180054dac f   libvcruntime:jmpuwind.obj
 0001:00053df0       memcmp                     0000000180054df0 f   libvcruntime:memcmp.obj
 0001:00053eb8       strrchr                    0000000180054eb8 f   libvcruntime:strrchr.obj
 0001:00054010       _guard_dispatch_icall_nop  0000000180055010 f   LIBCMT:guard_dispatch.obj
 0001:00054030       _guard_xfg_dispatch_icall_nop 0000000180055030 f   LIBCMT:guard_xfg_dispatch.obj
 0002:00000000       __imp_RtlCaptureContext    0000000180056000     kernel32:KERNEL32.dll
 0002:00000008       __imp_RtlLookupFunctionEntry 0000000180056008     kernel32:KERNEL32.dll
 0002:00000010       __imp_RtlVirtualUnwind     0000000180056010     kernel32:KERNEL32.dll
 0002:00000018       __imp_UnhandledExceptionFilter 0000000180056018     kernel32:KERNEL32.dll
 0002:00000020       __imp_SetUnhandledExceptionFilter 0000000180056020     kernel32:KERNEL32.dll
 0002:00000028       __imp_GetCurrentProcess    0000000180056028     kernel32:KERNEL32.dll
 0002:00000030       __imp_TerminateProcess     0000000180056030     kernel32:KERNEL32.dll
 0002:00000038       __imp_IsProcessorFeaturePresent 0000000180056038     kernel32:KERNEL32.dll
 0002:00000040       __imp_QueryPerformanceCounter 0000000180056040     kernel32:KERNEL32.dll
 0002:00000048       __imp_GetCurrentProcessId  0000000180056048     kernel32:KERNEL32.dll
 0002:00000050       __imp_GetCurrentThreadId   0000000180056050     kernel32:KERNEL32.dll
 0002:00000058       __imp_GetSystemTimeAsFileTime 0000000180056058     kernel32:KERNEL32.dll
 0002:00000060       __imp_InitializeSListHead  0000000180056060     kernel32:KERNEL32.dll
 0002:00000068       __imp_IsDebuggerPresent    0000000180056068     kernel32:KERNEL32.dll
 0002:00000070       __imp_GetStartupInfoW      0000000180056070     kernel32:KERNEL32.dll
 0002:00000078       __imp_GetModuleHandleW     0000000180056078     kernel32:KERNEL32.dll
 0002:00000080       __imp_SetEndOfFile         0000000180056080     kernel32:KERNEL32.dll
 0002:00000088       __imp_RtlUnwindEx          0000000180056088     kernel32:KERNEL32.dll
 0002:00000090       __imp_InterlockedFlushSList 0000000180056090     kernel32:KERNEL32.dll
 0002:00000098       __imp_GetLastError         0000000180056098     kernel32:KERNEL32.dll
 0002:000000a0       __imp_SetLastError         00000001800560a0     kernel32:KERNEL32.dll
 0002:000000a8       __imp_EnterCriticalSection 00000001800560a8     kernel32:KERNEL32.dll
 0002:000000b0       __imp_LeaveCriticalSection 00000001800560b0     kernel32:KERNEL32.dll
 0002:000000b8       __imp_DeleteCriticalSection 00000001800560b8     kernel32:KERNEL32.dll
 0002:000000c0       __imp_InitializeCriticalSectionAndSpinCount 00000001800560c0     kernel32:KERNEL32.dll
 0002:000000c8       __imp_TlsAlloc             00000001800560c8     kernel32:KERNEL32.dll
 0002:000000d0       __imp_TlsGetValue          00000001800560d0     kernel32:KERNEL32.dll
 0002:000000d8       __imp_TlsSetValue          00000001800560d8     kernel32:KERNEL32.dll
 0002:000000e0       __imp_TlsFree              00000001800560e0     kernel32:KERNEL32.dll
 0002:000000e8       __imp_FreeLibrary          00000001800560e8     kernel32:KERNEL32.dll
 0002:000000f0       __imp_GetProcAddress       00000001800560f0     kernel32:KERNEL32.dll
 0002:000000f8       __imp_LoadLibraryExW       00000001800560f8     kernel32:KERNEL32.dll
 0002:00000100       __imp_RaiseException       0000000180056100     kernel32:KERNEL32.dll
 0002:00000108       __imp_ReadFile             0000000180056108     kernel32:KERNEL32.dll
 0002:00000110       __imp_GetStdHandle         0000000180056110     kernel32:KERNEL32.dll
 0002:00000118       __imp_GetFileType          0000000180056118     kernel32:KERNEL32.dll
 0002:00000120       __imp_GetModuleFileNameW   0000000180056120     kernel32:KERNEL32.dll
 0002:00000128       __imp_GetModuleHandleExW   0000000180056128     kernel32:KERNEL32.dll
 0002:00000130       __imp_WriteConsoleW        0000000180056130     kernel32:KERNEL32.dll
 0002:00000138       __imp_ExitProcess          0000000180056138     kernel32:KERNEL32.dll
 0002:00000140       __imp_HeapFree             0000000180056140     kernel32:KERNEL32.dll
 0002:00000148       __imp_CloseHandle          0000000180056148     kernel32:KERNEL32.dll
 0002:00000150       __imp_GetConsoleMode       0000000180056150     kernel32:KERNEL32.dll
 0002:00000158       __imp_ReadConsoleW         0000000180056158     kernel32:KERNEL32.dll
 0002:00000160       __imp_SetFilePointerEx     0000000180056160     kernel32:KERNEL32.dll
 0002:00000168       __imp_HeapAlloc            0000000180056168     kernel32:KERNEL32.dll
 0002:00000170       __imp_HeapReAlloc          0000000180056170     kernel32:KERNEL32.dll
 0002:00000178       __imp_WriteFile            0000000180056178     kernel32:KERNEL32.dll
 0002:00000180       __imp_OutputDebugStringW   0000000180056180     kernel32:KERNEL32.dll
 0002:00000188       __imp_LCMapStringW         0000000180056188     kernel32:KERNEL32.dll
 0002:00000190       __imp_FindClose            0000000180056190     kernel32:KERNEL32.dll
 0002:00000198       __imp_FindFirstFileExW     0000000180056198     kernel32:KERNEL32.dll
 0002:000001a0       __imp_FindNextFileW        00000001800561a0     kernel32:KERNEL32.dll
 0002:000001a8       __imp_IsValidCodePage      00000001800561a8     kernel32:KERNEL32.dll
 0002:000001b0       __imp_GetACP               00000001800561b0     kernel32:KERNEL32.dll
 0002:000001b8       __imp_GetOEMCP             00000001800561b8     kernel32:KERNEL32.dll
 0002:000001c0       __imp_GetCPInfo            00000001800561c0     kernel32:KERNEL32.dll
 0002:000001c8       __imp_GetCommandLineA      00000001800561c8     kernel32:KERNEL32.dll
 0002:000001d0       __imp_GetCommandLineW      00000001800561d0     kernel32:KERNEL32.dll
 0002:000001d8       __imp_MultiByteToWideChar  00000001800561d8     kernel32:KERNEL32.dll
 0002:000001e0       __imp_WideCharToMultiByte  00000001800561e0     kernel32:KERNEL32.dll
 0002:000001e8       __imp_GetEnvironmentStringsW 00000001800561e8     kernel32:KERNEL32.dll
 0002:000001f0       __imp_FreeEnvironmentStringsW 00000001800561f0     kernel32:KERNEL32.dll
 0002:000001f8       __imp_GetProcessHeap       00000001800561f8     kernel32:KERNEL32.dll
 0002:00000200       __imp_GetStringTypeW       0000000180056200     kernel32:KERNEL32.dll
 0002:00000208       __imp_CreateFileW          0000000180056208     kernel32:KERNEL32.dll
 0002:00000210       __imp_SetStdHandle         0000000180056210     kernel32:KERNEL32.dll
 0002:00000218       __imp_FlushFileBuffers     0000000180056218     kernel32:KERNEL32.dll
 0002:00000220       __imp_GetConsoleOutputCP   0000000180056220     kernel32:KERNEL32.dll
 0002:00000228       __imp_GetFileSizeEx        0000000180056228     kernel32:KERNEL32.dll
 0002:00000230       __imp_HeapSize             0000000180056230     kernel32:KERNEL32.dll
 0002:00000238       __imp_RtlUnwind            0000000180056238     kernel32:KERNEL32.dll
 0002:00000240       \177KERNEL32_NULL_THUNK_DATA 0000000180056240     kernel32:KERNEL32.dll
 0002:00000248       __guard_check_icall_fptr   0000000180056248     LIBCMT:guard_support.obj
 0002:00000250       __guard_xfg_check_icall_fptr 0000000180056250     LIBCMT:guard_support.obj
[...]
 0002:0001215c       $unwind$??$?RV<lambda_886d6c58226a84441f68b9f2b8217b83>@@AEAV<lambda_ab61a845afdef5b7c387490eaf3616ee>@@V<lambda_f7f22ab5edc0698d5f6905b0d3f44752>@@@?$__crt_seh_guarded_call@X@@QEAAX$$QEAV<lambda_886d6c58226a84441f68b9f2b8217b83>@@AEAV<lambda_ab61a845afdef5b7c387490eaf3616ee>@@$$QEAV<lambda_f7f22ab5edc0698d5f6905b0d3f44752>@@@Z 000000018006815c     libucrt:fflush.obj
 0002:00012184       $unwind$??$?RV<lambda_c376a267cfb53b6959b3b692ec76b120>@@AEAV<lambda_9a32fed5bf61b6b509b2d3f6003082a1>@@V<lambda_572fbb9fa0ab338edf41edfd4b5fcc8d>@@@?$__crt_seh_guarded_call@H@@QEAAH$$QEAV<lambda_c376a267cfb53b6959b3b692ec76b120>@@AEAV<lambda_9a32fed5bf61b6b509b2d3f6003082a1>@@$$QEAV<lambda_572fbb9fa0ab338edf41edfd4b5fcc8d>@@@Z 0000000180068184     libucrt:fflush.obj
 0002:000121a8       $unwind$__acrt_initialize_lowio 00000001800681a8     libucrt:ioinit.obj
 0002:000121c8       $unwind$?initialize_inherited_file_handles_nolock@@YAXXZ 00000001800681c8     libucrt:ioinit.obj
 0002:000121e4       $unwind$_read              00000001800681e4     libucrt:read.obj
 0002:00012214       $unwind$_read_nolock       0000000180068214     libucrt:read.obj
 0002:0001222c       $unwind$?translate_ansi_or_utf8_nolock@@YAHHQEAD_KQEA_W1@Z 000000018006822c     libucrt:read.obj
 0002:00012244       $unwind$??$translate_text_mode_nolock@_W@@YAHHQEA_W_K@Z 0000000180068244     libucrt:read.obj
 0002:0001225c       $unwind$??$common_lseek@_J@@YA_JH_JH@Z 000000018006825c     libucrt:lseek.obj
 0002:0001228c       $unwind$?fp_format_e@@YAHQEBNQEAD_K12H_NIQEAU__crt_locale_pointers@@W4__acrt_rounding_mode@@@Z 000000018006828c     libucrt:cvt.obj
 0002:0001228c       $unwind$_mbtowc_l          000000018006828c     libucrt:mbtowc.obj
 0002:0001228c       $unwind$__acrt_LCMapStringEx 000000018006828c     libucrt:winapi_thunks.obj
 0002:000122a0       $unwind$_wctomb_s_l        00000001800682a0     libucrt:wctomb.obj
 0002:000122b0       $unwind$__acrt_fp_format   00000001800682b0     libucrt:cvt.obj
 0002:000122c8       $unwind$?fp_format_e_internal@@YAHQEAD_KH_NIQEAU_strflt@@2QEAU__crt_locale_pointers@@@Z 00000001800682c8     libucrt:cvt.obj
 0002:000122e0       $unwind$?fp_format_a@@YAHQEBNPEAD_KQEAD2H_NIQEAU__crt_locale_pointers@@W4__acrt_rounding_mode@@@Z 00000001800682e0     libucrt:cvt.obj
 0002:000122fc       $unwind$__dcrt_get_narrow_environment_from_os 00000001800682fc     libucrt:get_environment_from_os.obj
 0002:000122fc       $unwind$?fp_format_f_internal@@YAHQEAD_KHQEAU_strflt@@_NQEAU__crt_locale_pointers@@@Z 00000001800682fc     libucrt:cvt.obj
 0002:000122fc       $unwind$??$__acrt_wcs_to_mbs_cp@U__crt_win32_buffer_internal_dynamic_resizing@@@@YAHQEB_WAEAV?$__crt_win32_buffer@DU__crt_win32_buffer_internal_dynamic_resizing@@@@I@Z 00000001800682fc     libucrt:argv_wildcards.obj
 0002:00012314       $unwind$?fp_format_g@@YAHQEBNQEAD_K12H_NIW4__acrt_rounding_mode@@QEAU__crt_locale_pointers@@@Z 0000000180068314     libucrt:cvt.obj
 0002:00012328       $unwind$_fputwc_nolock     0000000180068328     libucrt:fputwc.obj
 0002:00012344       $unwind$__acrt_stdio_end_temporary_buffering_nolock 0000000180068344     libucrt:_sftbuf.obj
 0002:0001234c       $unwind$__acrt_GetModuleFileNameA 000000018006834c     libucrt:getmodulefilenamea.obj
 0002:00012368       $unwind$__dcrt_write_console 0000000180068368     libucrt:initcon.obj
 0002:00012368       $unwind$??$__acrt_wcs_to_mbs_cp@U__crt_win32_buffer_no_resizing@@@@YAHQEB_WAEAV?$__crt_win32_buffer@DU__crt_win32_buffer_no_resizing@@@@I@Z 0000000180068368     libucrt:getmodulefilenamea.obj
 0002:0001237c       $unwind$setvbuf            000000018006837c     libucrt:setvbuf.obj
 0002:00012384       $unwind$??$?RV<lambda_c8e61daa512c69656564d9dbd35486e8>@@AEAV<lambda_b4f66040be5f354a654fb75160c27bfc>@@V<lambda_2ca749746f96040ea1ff4296b14379df>@@@?$__crt_seh_guarded_call@H@@QEAAH$$QEAV<lambda_c8e61daa512c69656564d9dbd35486e8>@@AEAV<lambda_b4f66040be5f354a654fb75160c27bfc>@@$$QEAV<lambda_2ca749746f96040ea1ff4296b14379df>@@@Z 0000000180068384     libucrt:setvbuf.obj
 0002:000123a8       $unwind$raise              00000001800683a8     libucrt:signal.obj
 0002:000123e4       $unwind$??$?RV<lambda_450d765d439847d4c735a33c368b5fc0>@@AEAV<lambda_44731a7d0e6d81c3e6aa82d741081786>@@V<lambda_601a2a7da3b7a96e9554ac7215c4b07c>@@@?$__crt_seh_guarded_call@P6AXH@Z@@QEAAP6AXH@Z$$QEAV<lambda_450d765d439847d4c735a33c368b5fc0>@@AEAV<lambda_44731a7d0e6d81c3e6aa82d741081786>@@$$QEAV<lambda_601a2a7da3b7a96e9554ac7215c4b07c>@@@Z 00000001800683e4     libucrt:signal.obj
 0002:00012408       $unwind$__acrt_initialize_winapi_thunks 0000000180068408     libucrt:winapi_thunks.obj
 0002:00012410       $unwind$__acrt_is_interactive 0000000180068410     libucrt:winapi_thunks.obj
 0002:00012424       $unwind$??$__acrt_mbs_to_wcs_cp@U__crt_win32_buffer_internal_dynamic_resizing@@@@YAHQEBDAEAV?$__crt_win32_buffer@_WU__crt_win32_buffer_internal_dynamic_resizing@@@@I@Z 0000000180068424     libucrt:argv_wildcards.obj
 0002:0001243c       $unwind$??$common_expand_argv_wildcards@D@@YAHQEAPEADQEAPEAPEAD@Z 000000018006843c     libucrt:argv_wildcards.obj
 0002:00012454       $unwind$??$copy_and_add_argument_to_buffer@D@@YAHQEBD0_KAEAV?$argument_list@D@?A0x5f5c8891@@@Z 0000000180068454     libucrt:argv_wildcards.obj
 0002:00012470       $unwind$??$expand_argument_wildcards@D@@YAHQEAD0AEAV?$argument_list@D@?A0x5f5c8891@@@Z 0000000180068470     libucrt:argv_wildcards.obj
 0002:00012494       $unwind$_setmbcp_nolock    0000000180068494     libucrt:mbctype.obj
 0002:000124b4       $unwind$__dcrt_lowio_ensure_console_output_initialized 00000001800684b4     libucrt:initcon.obj
 0002:000124b4       $unwind$_isleadbyte_l      00000001800684b4     libucrt:_wctype.obj
 0002:000124b4       $unwind$?getSystemCP@@YAHH@Z 00000001800684b4     libucrt:mbctype.obj
 0002:000124bc       $unwind$?update_thread_multibyte_data_internal@@YAPEAU__crt_multibyte_data@@QEAU__acrt_ptd@@QEAPEAU1@@Z 00000001800684bc     libucrt:mbctype.obj
 0002:000124e4       $unwind$?setmbcp_internal@@YAHH_NQEAU__acrt_ptd@@QEAPEAU__crt_multibyte_data@@@Z 00000001800684e4     libucrt:mbctype.obj
 0002:000124f4       $unwind$?setSBUpLow@@YAXPEAU__crt_multibyte_data@@@Z 00000001800684f4     libucrt:mbctype.obj
 0002:00012510       $unwind$??$?RV<lambda_efdfa57d1f175319df784efa44bb7b81>@@AEAV<lambda_5f0a4c1567f8adc6734073e5d1e1b35c>@@V<lambda_2e8a7d3640ea6ccb4c2413664c2db6fd>@@@?$__crt_seh_guarded_call@X@@QEAAX$$QEAV<lambda_efdfa57d1f175319df784efa44bb7b81>@@AEAV<lambda_5f0a4c1567f8adc6734073e5d1e1b35c>@@$$QEAV<lambda_2e8a7d3640ea6ccb4c2413664c2db6fd>@@@Z 0000000180068510     libucrt:mbctype.obj
 0002:00012534       $unwind$?x_ismbbtype_l@@YAHPEAU__crt_locale_pointers@@IHH@Z 0000000180068534     libucrt:ismbbyte.obj
 0002:00012534       $unwind$_strnicmp_l        0000000180068534     libucrt:strnicmp.obj
 0002:00012544       $unwind$__acrt_WideCharToMultiByte 0000000180068544     libucrt:widechartomultibyte.obj
 0002:00012550       $unwind$_query_new_handler 0000000180068550     libucrt:new_handler.obj
 0002:00012570       $xdatasym                  0000000180068570     libucrt:fpsr.obj
 0002:00012578       $unwind$__acrt_GetStringTypeA 0000000180068578     libucrt:getstringtypea.obj
 0002:000125a0       $unwind$__acrt_update_thread_locale_data 00000001800685a0     libucrt:locale_refcounting.obj
 0002:000125c4       $unwind$__acrt_fenv_set_control 00000001800685c4     libucrt:_fenvutils.obj
 0002:000125d4       $unwind$__acrt_locale_free_monetary 00000001800685d4     libucrt:initmon.obj
 0002:000125dc       $unwind$__acrt_locale_free_time 00000001800685dc     libucrt:inittime.obj
 0002:000125ec       $unwind$_fcloseall         00000001800685ec     libucrt:closeall.obj
 0002:00012610       $unwind$_sopen_nolock      0000000180068610     libucrt:open.obj
 0002:0001262c       $unwind$_wsopen_nolock     000000018006862c     libucrt:open.obj
 0002:0001264c       $unwind$??$common_sopen_dispatch@D@@YAHQEBDHHHQEAHH@Z 000000018006864c     libucrt:open.obj
 0002:00012670       $unwind$?fin$0@?0???$common_sopen_dispatch@D@@YAHQEBDHHHQEAHH@Z@4HA 0000000180068670     libucrt:open.obj
 0002:00012678       $unwind$?decode_options@@YA?AUfile_options@?A0xa9d50aae@@HHH@Z 0000000180068678     libucrt:open.obj
 0002:0001268c       $unwind$?truncate_ctrl_z_if_present@@YAHH@Z 000000018006868c     libucrt:open.obj
 0002:0001269c       $unwind$_alloc_osfhnd      000000018006869c     libucrt:osfinfo.obj
 0002:000126cc       $unwind$__acrt_lowio_destroy_handle_array 00000001800686cc     libucrt:osfinfo.obj
 0002:000126dc       $unwind$__acrt_lowio_ensure_fh_exists 00000001800686dc     libucrt:osfinfo.obj
 0002:00012708       $unwind$??$?RV<lambda_a37b2b86f63e897a80ea819b0eb08c01>@@AEAV<lambda_38ce7e780aa69e748d6df282ebc68efe>@@V<lambda_99fb1378e971ab6e7edea83e3a7a83a2>@@@?$__crt_seh_guarded_call@H@@QEAAH$$QEAV<lambda_a37b2b86f63e897a80ea819b0eb08c01>@@AEAV<lambda_38ce7e780aa69e748d6df282ebc68efe>@@$$QEAV<lambda_99fb1378e971ab6e7edea83e3a7a83a2>@@@Z 0000000180068708     libucrt:commit.obj
 0002:0001272c       $unwind$_write             000000018006872c     libucrt:write.obj
 0002:0001275c       $unwind$_write_nolock      000000018006875c     libucrt:write.obj
 0002:00012774       $unwind$?write_double_translated_ansi_nolock@@YA?AUwrite_result@?A0x17268360@@HQEBDI@Z 0000000180068774     libucrt:write.obj
 0002:00012798       $unwind$?write_text_ansi_nolock@@YA?AUwrite_result@?A0x17268360@@HQEBDI@Z 0000000180068798     libucrt:write.obj
 0002:00012798       $unwind$?write_text_utf16le_nolock@@YA?AUwrite_result@?A0x17268360@@HQEBDI@Z 0000000180068798     libucrt:write.obj
 0002:000127b8       $unwind$?write_text_utf8_nolock@@YA?AUwrite_result@?A0x17268360@@HQEBDI@Z 00000001800687b8     libucrt:write.obj
 0002:000127dc       $unwind$?__mbsrtowcs_utf8@__crt_mbstring@@YA_KPEA_WPEAPEBD_KPEAU_Mbstatet@@@Z 00000001800687dc     libucrt:mbrtowc.obj
 0002:000127f4       $unwind$__acrt_fltout      00000001800687f4     libucrt:cfout.obj
 0002:00012814       $unwind$??$write_buffer_nolock@D@@YA_NDV__crt_stdio_stream@@@Z 0000000180068814     libucrt:_flsbuf.obj
 0002:00012824       $unwind$??$write_buffer_nolock@_W@@YA_N_WV__crt_stdio_stream@@@Z 0000000180068824     libucrt:_flsbuf.obj
 0002:00012834       $unwind$qsort              0000000180068834     libucrt:qsort.obj
 0002:0001284c       $chain$4$qsort             000000018006884c     libucrt:qsort.obj
 0002:00012870       $chain$5$qsort             0000000180068870     libucrt:qsort.obj
 0002:00012880       $unwind$strpbrk            0000000180068880     libucrt:strpbrk.obj
 0002:00012890       $unwind$fallbackMethod     0000000180068890     libucrt:strpbrk.obj
 0002:000128a0       $unwind$_mbsdec_l          00000001800688a0     libucrt:mbsdec.obj
 0002:000128ac       $unwind$__acrt_LCMapStringA 00000001800688ac     libucrt:lcmapstringa.obj
 0002:000128bc       $unwind$?__acrt_LCMapStringA_stat@@YAHPEAU__crt_locale_pointers@@PEB_WKPEBDHPEADHHH@Z 00000001800688bc     libucrt:lcmapstringa.obj
 0002:000128e4       $unwind$_setmode_nolock    00000001800688e4     libucrt:setmode.obj
 0002:000128f4       $unwind$_putwch_nolock     00000001800688f4     libucrt:putwch.obj
 0002:000128fc       $unwind$?__mbrtoc32_utf8@__crt_mbstring@@YA_KPEA_UPEBD_KPEAU_Mbstatet@@@Z 00000001800688fc     libucrt:mbrtoc32.obj
 0002:00012918       $xdatasym                  0000000180068918     libucrt:log10.obj
 0002:00012924       $unwind$common_control87   0000000180068924     libucrt:ieee.obj
 0002:00012950       $unwind$_log_special_common 0000000180068950     libucrt:log_special.obj
 0002:0001295c       $unwind$_IsNonwritableInCurrentImage 000000018006895c     LIBCMT:pesect.obj
 0002:00012980       $unwind$_local_unwind      0000000180068980     libvcruntime:jmpuwind.obj
 0002:00012988       $xdatasym                  0000000180068988     libvcruntime:memcmp.obj
 0002:00012990       .edata                     0000000180068990     game.exp
 0002:000129b8       rgpv                       00000001800689b8     game.exp
 0002:000129bc       rgszName                   00000001800689bc     game.exp
 0002:000129c0       rgwOrd                     00000001800689c0     game.exp
 0002:000129c2       szName                     00000001800689c2     game.exp
 0002:000129cb       $N00001                    00000001800689cb     game.exp
 0002:00012dc0       .idata$6                   0000000180068dc0     kernel32:KERNEL32.dll
 0003:00000000       ?stbi__stdio_callbacks@@3Ustbi_io_callbacks@@A 000000018006a000     game.obj
 0003:00000018       ?stbi__l2h_gamma@@3MA      000000018006a018     game.obj
 0003:0000001c       ?stbi__l2h_scale@@3MA      000000018006a01c     game.obj
 0003:00000020       ?stbi__h2l_gamma_i@@3MA    000000018006a020     game.obj
 0003:00000024       ?stbi__h2l_scale_i@@3MA    000000018006a024     game.obj
 0003:00000028       ?first_row_filter@@3PAEA   000000018006a028     game.obj
 0003:00000030       ?invalid_chunk@?JH@??stbi__parse_png_file@@YAHPEAUstbi__png@@HH@Z@4PADA 000000018006a030     game.obj
 0003:00000050       ?mul_table@?1??stbi__shiftsigned@@YAHIHH@Z@4PAIA 000000018006a050     game.obj
 0003:00000078       ?shift_table@?1??stbi__shiftsigned@@YAHIHH@Z@4PAIA 000000018006a078     game.obj
 0003:000000d0       ?__vcrt_flsindex@@3KA      000000018006a0d0     libvcruntime:per_thread_data.obj
 0003:000000e4       ?dazSupported@?1??_ctrlfp@@9@9 000000018006a0e4     libucrt:fpctrl.obj
 0003:000000f8       ?errno_no_memory@@3HA      000000018006a0f8     libucrt:errno.obj
 0003:000000fc       ?doserrno_no_memory@@3KA   000000018006a0fc     libucrt:errno.obj
 0003:00000100       ?__acrt_flsindex@@3KA      000000018006a100     libucrt:per_thread_data.obj
 0003:00000710       _mbctypes                  000000018006a710     libucrt:mbctype.obj
 0003:00000820       _mbcasemaps                000000018006a820     libucrt:mbctype.obj
 0003:00000920       ?__rgctypeflag@@3PADA      000000018006a920     libucrt:mbctype.obj
 0003:00000930       ?__rgcode_page_info@@3PAUcode_page_info@@A 000000018006a930     libucrt:mbctype.obj
 0003:00000ad0       ?__dcrt_lowio_console_output_handle@@3PEAXEA 000000018006aad0     libucrt:initcon.obj
 0003:00000ad8       ?dazSupported@?1??common_control87@@9@9 000000018006aad8     libucrt:ieee.obj
 0003:00000ae8       ?Api@@3Uplatform_api@@A    000000018006aae8     game.obj
 0003:00000b18       ?stbi__vertically_flip_on_load_global@@3HA 000000018006ab18     game.obj
 0003:00000b1c       ?stbi__unpremultiply_on_load_global@@3HA 000000018006ab1c     game.obj
 0003:00000b20       ?stbi__de_iphone_flag_global@@3HA 000000018006ab20     game.obj
 0003:00000b30       GS_ExceptionRecord         000000018006ab30     LIBCMT:gs_report.obj
 0003:00000bd0       GS_ContextRecord           000000018006abd0     LIBCMT:gs_report.obj
 0003:000010a4       ?__proc_attached@@3HA      000000018006b0a4     LIBCMT:dll_dllmain.obj
 0003:000010d8       ?is_initialized_as_dll@@3_NA 000000018006b0d8     LIBCMT:utility.obj
 0003:000010d9       ?module_local_atexit_table_initialized@@3_NA 000000018006b0d9     LIBCMT:utility.obj
 0003:000010e0       ?module_local_atexit_table@@3U_onexit_table_t@@A 000000018006b0e0     LIBCMT:utility.obj
 0003:000010f8       ?module_local_at_quick_exit_table@@3U_onexit_table_t@@A 000000018006b0f8     LIBCMT:utility.obj
 0003:00001160       ?heap@@3V_HeapManager@@A   000000018006b160     libvcruntime:undname.obj
 0003:00001190       ?__vcrt_startup_thread_ptd@@3U__vcrt_ptd@@A 000000018006b190     libvcruntime:per_thread_data.obj
 0003:00001210       __vcrt_lock_table          000000018006b210     libvcruntime:locks.obj
 0003:00001238       __vcrt_locks_initialized   000000018006b238     libvcruntime:locks.obj
 0003:00001240       ?module_handles@@3PAPEAUHINSTANCE__@@A 000000018006b240     libvcruntime:winapi_downlevel.obj
 0003:00001258       ?function_pointers@@3PAPEAXA 000000018006b258     libvcruntime:winapi_downlevel.obj
 0003:00001288       ?c_termination_complete@@3JA 000000018006b288     libucrt:exit.obj
 0003:00001290       ?thread_local_exit_callback_func@@3P6AXPEAXK0@ZEA 000000018006b290     libucrt:exit.obj
 0003:000012a0       ?program_name@?1???$common_configure_argv@D@@YAHW4_crt_argv_mode@@@Z@4PADA 000000018006b2a0     libucrt:argv_parsing.obj
 0003:00001400       ?__acrt_invalid_parameter_handler@@3V?$dual_state_global@P6AXPEB_W00I_K@Z@__crt_state_management@@A 000000018006b400     libucrt:invalid_parameter.obj
 0003:00001838       ?internal_state@?1??_mbtowc_l@@9@4U_Mbstatet@@A 000000018006b838     libucrt:mbtowc.obj
 0003:00001840       ?enable_percent_n@@3_KA    000000018006b840     libucrt:printf_count_output.obj
 0003:00001858       ?__acrt_app_type@@3W4_crt_app_type@@A 000000018006b858     libucrt:report_runtime_error.obj
 0003:0000185c       __acrt_error_mode          000000018006b85c     libucrt:set_error_mode.obj
 0003:00001860       ?ctrlc_action@@3V?$dual_state_global@P6AXH@Z@__crt_state_management@@A 000000018006b860     libucrt:signal.obj
 0003:00001868       ?ctrlbreak_action@@3V?$dual_state_global@P6AXH@Z@__crt_state_management@@A 000000018006b868     libucrt:signal.obj
 0003:00001870       ?abort_action@@3V?$dual_state_global@P6AXH@Z@__crt_state_management@@A 000000018006b870     libucrt:signal.obj
 0003:00001878       ?term_action@@3V?$dual_state_global@P6AXH@Z@__crt_state_management@@A 000000018006b878     libucrt:signal.obj
 0003:00001880       ?module_handles@@3PAPEAUHINSTANCE__@@A 000000018006b880     libucrt:winapi_thunks.obj
 0003:00001920       ?encoded_function_pointers@@3PAPEAXA 000000018006b920     libucrt:winapi_thunks.obj
 0003:00001a30       ?__acrt_lock_table@@3PAU_RTL_CRITICAL_SECTION@@A 000000018006ba30     libucrt:locks.obj
 0003:00001c60       ?__acrt_locks_initialized@@3IA 000000018006bc60     libucrt:locks.obj
 0003:00001c64       ?state_cache@?1???$get_cached_win_policy@Udeveloper_information_policy_properties@?1??__acrt_get_developer_information_policy@@YA?AW4developer_information_policy@@XZ@@@YA?AW4developer_information_policy@@W4AppPolicyShowDeveloperDiagnostic@@@Z@4JA 000000018006bc64     libucrt:win_policies.obj
 0003:00001c68       ?state_cache@?1???$get_cached_win_policy@Uwindowing_model_policy_properties@?1??__acrt_get_windowing_model_policy@@YA?AW4windowing_model_policy@@XZ@@@YA?AW4windowing_model_policy@@W4AppPolicyWindowingModel@@@Z@4JA 000000018006bc68     libucrt:win_policies.obj
 0003:00001c88       ?fSystemSet@@3HA           000000018006bc88     libucrt:mbctype.obj
 0003:00001c8c       ?initialized@?1??__acrt_initialize_multibyte@@9@4_NA 000000018006bc8c     libucrt:mbctype.obj
 0003:00001cc8       ?__acrt_new_handler@@3V?$dual_state_global@P6AH_K@Z@__crt_state_management@@A 000000018006bcc8     libucrt:new_handler.obj
 0003:00001cd0       ?user_matherr@@3V?$dual_state_global@P6AHPEAU_exception@@@Z@__crt_state_management@@A 000000018006bcd0     libucrt:matherr.obj
 0003:00001ce4       ?__acrt_global_new_mode@@3V?$dual_state_global@J@__crt_state_management@@A 000000018006bce4     libucrt:new_mode.obj
 0003:00001cf0       ?internal_pst@?1??__mbrtoc32_utf8@__crt_mbstring@@YA_KPEA_UPEBD_KPEAU_Mbstatet@@@Z@4U3@A 000000018006bcf0     libucrt:mbrtoc32.obj
 0005:00000000       MoveSmall                  000000018006f000     libvcruntime:memcpy.obj
 0005:00000040       MoveSmallYmm               000000018006f040     libvcruntime:memcpy.obj
 0005:00000064       MoveSmallYmmNT             000000018006f064     libvcruntime:memcpy.obj
 0005:00000088       MoveSmallXmm               000000018006f088     libvcruntime:memcpy.obj
 0005:000000b0       MsetTab                    000000018006f0b0     libvcruntime:memset.obj
